Component: ARM Compiler 5.06 update 7 (build 960) Tool: armlink [4d3601]

==============================================================================

Section Cross References

    flash.o(i.STMFLASH_Read) refers to flash.o(i.STMFLASH_ReadWord) for STMFLASH_ReadWord
    flash.o(i.STMFLASH_Write) refers to stm32f4xx_hal_flash.o(i.HAL_FLASH_Unlock) for HAL_FLASH_Unlock
    flash.o(i.STMFLASH_Write) refers to flash.o(i.STMFLASH_ReadWord) for STMFLASH_ReadWord
    flash.o(i.STMFLASH_Write) refers to flash.o(i.STMFLASH_GetFlashSector) for STMFLASH_GetFlashSector
    flash.o(i.STMFLASH_Write) refers to stm32f4xx_hal_flash_ex.o(i.HAL_FLASHEx_Erase) for HAL_FLASHEx_Erase
    flash.o(i.STMFLASH_Write) refers to stm32f4xx_hal_flash.o(i.FLASH_WaitForLastOperation) for FLASH_WaitForLastOperation
    flash.o(i.STMFLASH_Write) refers to stm32f4xx_hal_flash.o(i.HAL_FLASH_Program) for HAL_FLASH_Program
    flash.o(i.STMFLASH_Write) refers to stm32f4xx_hal_flash.o(i.HAL_FLASH_Lock) for HAL_FLASH_Lock
    flash.o(i.Test_Write) refers to flash.o(i.STMFLASH_Write) for STMFLASH_Write
    flash.o(i.flash_erase) refers to stm32f4xx_hal_flash.o(i.FLASH_WaitForLastOperation) for FLASH_WaitForLastOperation
    flash.o(i.flash_erase) refers to stm32f4xx_hal_flash_ex.o(i.HAL_FLASHEx_Erase) for HAL_FLASHEx_Erase
    flash.o(i.flash_write) refers to stm32f4xx_hal_flash.o(i.FLASH_WaitForLastOperation) for FLASH_WaitForLastOperation
    flash.o(i.flash_write) refers to stm32f4xx_hal_flash.o(i.HAL_FLASH_Program) for HAL_FLASH_Program
    flash.o(i.flash_write) refers to flash.o(.data) for i
    main.o(i.HAL_TIM_PeriodElapsedCallback) refers to stm32f4xx_hal.o(i.HAL_IncTick) for HAL_IncTick
    main.o(i.HAL_TIM_PeriodElapsedCallback) refers to remote_app.o(i.get_rc_analoy_key_value) for get_rc_analoy_key_value
    main.o(i.HAL_TIM_PeriodElapsedCallback) refers to tim.o(.data) for freertos_run_time
    main.o(i.HAL_TIM_PeriodElapsedCallback) refers to main.o(.data) for tim6_run_time
    main.o(i.HAL_TIM_PeriodElapsedCallback) refers to remote_app.o(.bss) for rc_analog_key
    main.o(i.SystemClock_Config) refers to memseta.o(.text) for __aeabi_memclr4
    main.o(i.SystemClock_Config) refers to stm32f4xx_hal_rcc.o(i.HAL_RCC_OscConfig) for HAL_RCC_OscConfig
    main.o(i.SystemClock_Config) refers to main.o(i.Error_Handler) for Error_Handler
    main.o(i.SystemClock_Config) refers to stm32f4xx_hal_rcc.o(i.HAL_RCC_ClockConfig) for HAL_RCC_ClockConfig
    main.o(i.main) refers to stm32f4xx_hal.o(i.HAL_Init) for HAL_Init
    main.o(i.main) refers to main.o(i.SystemClock_Config) for SystemClock_Config
    main.o(i.main) refers to gpio.o(i.MX_GPIO_Init) for MX_GPIO_Init
    main.o(i.main) refers to dma.o(i.MX_DMA_Init) for MX_DMA_Init
    main.o(i.main) refers to can.o(i.MX_CAN1_Init) for MX_CAN1_Init
    main.o(i.main) refers to can.o(i.MX_CAN2_Init) for MX_CAN2_Init
    main.o(i.main) refers to spi.o(i.MX_SPI1_Init) for MX_SPI1_Init
    main.o(i.main) refers to tim.o(i.MX_TIM4_Init) for MX_TIM4_Init
    main.o(i.main) refers to usart.o(i.MX_USART3_UART_Init) for MX_USART3_UART_Init
    main.o(i.main) refers to tim.o(i.MX_TIM3_Init) for MX_TIM3_Init
    main.o(i.main) refers to tim.o(i.MX_TIM10_Init) for MX_TIM10_Init
    main.o(i.main) refers to usart.o(i.MX_USART1_UART_Init) for MX_USART1_UART_Init
    main.o(i.main) refers to usart.o(i.MX_USART6_UART_Init) for MX_USART6_UART_Init
    main.o(i.main) refers to tim.o(i.MX_TIM6_Init) for MX_TIM6_Init
    main.o(i.main) refers to i2c.o(i.MX_I2C3_Init) for MX_I2C3_Init
    main.o(i.main) refers to tim.o(i.MX_TIM1_Init) for MX_TIM1_Init
    main.o(i.main) refers to tim.o(i.MX_TIM7_Init) for MX_TIM7_Init
    main.o(i.main) refers to gpio.o(i.led_laser_configuration) for led_laser_configuration
    main.o(i.main) refers to tim.o(i.freertos_run_tim3_configuration) for freertos_run_tim3_configuration
    main.o(i.main) refers to tim.o(i.tim6_configuration) for tim6_configuration
    main.o(i.main) refers to usart.o(i.usart_Receive_DMA) for usart_Receive_DMA
    main.o(i.main) refers to can.o(i.CAN_APP_INIT) for CAN_APP_INIT
    main.o(i.main) refers to oled.o(i.oled_init) for oled_init
    main.o(i.main) refers to delay.o(i.delay_init) for delay_init
    main.o(i.main) refers to cmsis_os2.o(i.osKernelInitialize) for osKernelInitialize
    main.o(i.main) refers to freertos.o(i.MX_FREERTOS_Init) for MX_FREERTOS_Init
    main.o(i.main) refers to cmsis_os2.o(i.osKernelStart) for osKernelStart
    gpio.o(i.Breathing_lamp) refers to uldiv.o(.text) for __aeabi_uldivmod
    gpio.o(i.Breathing_lamp) refers to tim.o(.data) for freertos_run_time
    gpio.o(i.MX_GPIO_Init) refers to memseta.o(.text) for __aeabi_memclr4
    gpio.o(i.MX_GPIO_Init) refers to stm32f4xx_hal_gpio.o(i.HAL_GPIO_WritePin) for HAL_GPIO_WritePin
    gpio.o(i.MX_GPIO_Init) refers to stm32f4xx_hal_gpio.o(i.HAL_GPIO_Init) for HAL_GPIO_Init
[...]
    shoot_magazine_control                   0x08010f09   Thumb Code   148  shoot_task.o(i.shoot_magazine_control)
    shoot_speed_limit                        0x08011285   Thumb Code    58  rule.o(i.shoot_speed_limit)
    shoot_task                               0x080112c9   Thumb Code    86  shoot_task.o(i.shoot_task)
    slidingWindowFilter                      0x0801132d   Thumb Code    90  gimbal_task.o(i.slidingWindowFilter)
    sqrtf                                    0x0801139d   Thumb Code    62  sqrtf.o(i.sqrtf)
    start_task                               0x080113dd   Thumb Code   108  start_task.o(i.start_task)
    test_task                                0x08011491   Thumb Code    26  test_task.o(i.test_task)
    tim6_configuration                       0x080114b1   Thumb Code    14  tim.o(i.tim6_configuration)
    ulTaskNotifyTake                         0x080114c5   Thumb Code   108  tasks.o(i.ulTaskNotifyTake)
    usart3_reset                             0x08011539   Thumb Code    18  usart.o(i.usart3_reset)
    usart_Receive_DMA                        0x08011555   Thumb Code    40  usart.o(i.usart_Receive_DMA)
    uxListRemove                             0x0801158d   Thumb Code    40  list.o(i.uxListRemove)
    uxTaskGetSystemState                     0x080115b5   Thumb Code   154  tasks.o(i.uxTaskGetSystemState)
    vApplicationGetIdleTaskMemory            0x08011669   Thumb Code    14  cmsis_os2.o(i.vApplicationGetIdleTaskMemory)
    vApplicationGetTimerTaskMemory           0x08011681   Thumb Code    16  cmsis_os2.o(i.vApplicationGetTimerTaskMemory)
    vApplicationStackOverflowHook            0x08011699   Thumb Code     2  freertos.o(i.vApplicationStackOverflowHook)
    vListInitialise                          0x0801169b   Thumb Code    26  list.o(i.vListInitialise)
    vListInitialiseItem                      0x080116b5   Thumb Code     6  list.o(i.vListInitialiseItem)
    vListInsert                              0x080116bb   Thumb Code    52  list.o(i.vListInsert)
    vListInsertEnd                           0x080116ef   Thumb Code    24  list.o(i.vListInsertEnd)
    vPortEnterCritical                       0x08011709   Thumb Code    76  port.o(i.vPortEnterCritical)
    vPortExitCritical                        0x0801175d   Thumb Code    56  port.o(i.vPortExitCritical)
    vPortFree                                0x08011799   Thumb Code   140  heap_4.o(i.vPortFree)
    vPortSetupTimerInterrupt                 0x0801182d   Thumb Code    36  port.o(i.vPortSetupTimerInterrupt)
    vPortValidateInterruptPriority           0x08011855   Thumb Code   106  port.o(i.vPortValidateInterruptPriority)
    vQueueAddToRegistry                      0x080118cd   Thumb Code    38  queue.o(i.vQueueAddToRegistry)
    vQueueWaitForMessageRestricted           0x080118f9   Thumb Code    74  queue.o(i.vQueueWaitForMessageRestricted)
    vTaskDelay                               0x08011945   Thumb Code    82  tasks.o(i.vTaskDelay)
    vTaskDelayUntil                          0x080119a1   Thumb Code   200  tasks.o(i.vTaskDelayUntil)
    vTaskDelete                              0x08011a75   Thumb Code   168  tasks.o(i.vTaskDelete)
    vTaskGetInfo                             0x08011b3d   Thumb Code   126  tasks.o(i.vTaskGetInfo)
    vTaskGetRunTimeStats                     0x08011bc1   Thumb Code   168  tasks.o(i.vTaskGetRunTimeStats)
    vTaskInternalSetTimeOutState             0x08011c85   Thumb Code    14  tasks.o(i.vTaskInternalSetTimeOutState)
    vTaskMissedYield                         0x08011c9d   Thumb Code     8  tasks.o(i.vTaskMissedYield)
    vTaskNotifyGiveFromISR                   0x08011ca9   Thumb Code   212  tasks.o(i.vTaskNotifyGiveFromISR)
    vTaskPlaceOnEventList                    0x08011d95   Thumb Code    52  tasks.o(i.vTaskPlaceOnEventList)
    vTaskPlaceOnEventListRestricted          0x08011dcd   Thumb Code    60  tasks.o(i.vTaskPlaceOnEventListRestricted)
    vTaskPriorityDisinheritAfterTimeout      0x08011e0d   Thumb Code   194  tasks.o(i.vTaskPriorityDisinheritAfterTimeout)
    vTaskStartScheduler                      0x08011edd   Thumb Code   160  tasks.o(i.vTaskStartScheduler)
    vTaskSuspendAll                          0x08011f99   Thumb Code    12  tasks.o(i.vTaskSuspendAll)
    vTaskSwitchContext                       0x08011fa9   Thumb Code   230  tasks.o(i.vTaskSwitchContext)
    vision_tx                                0x080120ad   Thumb Code   286  connect_task.o(i.vision_tx)
    xPortStartScheduler                      0x080121e1   Thumb Code   330  port.o(i.xPortStartScheduler)
    xQueueCreateMutex                        0x08012349   Thumb Code    34  queue.o(i.xQueueCreateMutex)
    xQueueGenericCreate                      0x0801236b   Thumb Code    96  queue.o(i.xQueueGenericCreate)
    xQueueGenericCreateStatic                0x080123cb   Thumb Code   224  queue.o(i.xQueueGenericCreateStatic)
    xQueueGenericReset                       0x080124ad   Thumb Code   146  queue.o(i.xQueueGenericReset)
    xQueueGenericSend                        0x08012545   Thumb Code   420  queue.o(i.xQueueGenericSend)
    xQueueGenericSendFromISR                 0x080126ed   Thumb Code   248  queue.o(i.xQueueGenericSendFromISR)
    xQueueReceive                            0x080127e5   Thumb Code   356  queue.o(i.xQueueReceive)
    xQueueSemaphoreTake                      0x0801294d   Thumb Code   434  queue.o(i.xQueueSemaphoreTake)
    xTaskCheckForTimeOut                     0x08012b05   Thumb Code   156  tasks.o(i.xTaskCheckForTimeOut)
    xTaskCreate                              0x08012bad   Thumb Code   100  tasks.o(i.xTaskCreate)
    xTaskCreateStatic                        0x08012c11   Thumb Code   186  tasks.o(i.xTaskCreateStatic)
    xTaskGetCurrentTaskHandle                0x08012ccd   Thumb Code     6  tasks.o(i.xTaskGetCurrentTaskHandle)
    xTaskGetHandle                           0x08012cd9   Thumb Code   142  tasks.o(i.xTaskGetHandle)
    xTaskGetSchedulerState                   0x08012d7d   Thumb Code    24  tasks.o(i.xTaskGetSchedulerState)
    xTaskGetTickCount                        0x08012d9d   Thumb Code     6  tasks.o(i.xTaskGetTickCount)
    xTaskIncrementTick                       0x08012da9   Thumb Code   280  tasks.o(i.xTaskIncrementTick)
    xTaskPriorityDisinherit                  0x08012eed   Thumb Code   152  tasks.o(i.xTaskPriorityDisinherit)
    xTaskPriorityInherit                     0x08012f91   Thumb Code   150  tasks.o(i.xTaskPriorityInherit)
    xTaskRemoveFromEventList                 0x08013035   Thumb Code   126  tasks.o(i.xTaskRemoveFromEventList)
    xTaskResumeAll                           0x080130cd   Thumb Code   222  tasks.o(i.xTaskResumeAll)
    xTimerCreate                             0x080131d1   Thumb Code    54  timers.o(i.xTimerCreate)
    xTimerCreateTimerTask                    0x08013209   Thumb Code   100  timers.o(i.xTimerCreateTimerTask)
    xTimerGenericCommand                     0x08013281   Thumb Code   128  timers.o(i.xTimerGenericCommand)
    defaultTask_attributes                   0x08013304   Data          36  freertos.o(.constdata)
    Start_Task_attr                          0x08013328   Data          36  freertos.o(.constdata)
    AHBPrescTable                            0x08013354   Data          16  system_stm32f4xx.o(.constdata)
    APBPrescTable                            0x08013364   Data           8  system_stm32f4xx.o(.constdata)
    INS_Task_attr                            0x08013384   Data          36  start_task.o(.constdata)
    Gimbal_Task_attr                         0x080133a8   Data          36  start_task.o(.constdata)
    Shoot_Task_attr                          0x080133cc   Data          36  start_task.o(.constdata)
    Connect_Task_attr                        0x080133f0   Data          36  start_task.o(.constdata)
    Test_Task_attr                           0x08013414   Data          36  start_task.o(.constdata)
    Monitor_Task_attr                        0x08013438   Data          36  start_task.o(.constdata)
    Cali_Task_attr                           0x0801345c   Data          36  start_task.o(.constdata)
    F6x8                                     0x0801349e   Data         552  oled.o(.constdata)
    F14x16_Idx                               0x080136c6   Data           7  oled.o(.constdata)
    F14x16                                   0x080136cd   Data           1  oled.o(.constdata)
    F8X16                                    0x080136ce   Data        1520  oled.o(.constdata)
    Region$$Table$$Base                      0x08013da4   Number         0  anon$$obj.o(Region$$Table)
    Region$$Table$$Limit                     0x08013dc4   Number         0  anon$$obj.o(Region$$Table)
    tim6_run_time                            0x20000000   Data           8  main.o(.data)
    defaultTaskHandle                        0x20000008   Data           4  freertos.o(.data)
    Start_Task_Handler                       0x2000000c   Data           4  freertos.o(.data)
    can1_rx_data                             0x20000010   Data           8  can.o(.data)
    can1_tx_data                             0x20000018   Data           8  can.o(.data)
    can2_rx_data                             0x20000020   Data           8  can.o(.data)
    can2_tx_data                             0x20000028   Data           8  can.o(.data)
    freertos_run_time                        0x20000038   Data           8  tim.o(.data)
    PCyaw                                    0x20000040   Data           4  usart.o(.data)
    PCpitch                                  0x20000044   Data           4  usart.o(.data)
    __stdout                                 0x20000048   Data           4  usart.o(.data)
    __stdin                                  0x2000004c   Data           4  usart.o(.data)
    view_lost_cnt                            0x20000050   Data           1  usart.o(.data)
    uwTick                                   0x20000058   Data           4  stm32f4xx_hal.o(.data)
    uwTickPrio                               0x2000005c   Data           4  stm32f4xx_hal.o(.data)
    uwTickFreq                               0x20000060   Data           1  stm32f4xx_hal.o(.data)
    SystemCoreClock                          0x20000068   Data           4  system_stm32f4xx.o(.data)
    pxCurrentTCB                             0x2000006c   Data           4  tasks.o(.data)
    communication                            0x200000ec   Data           4  connect_task.o(.data)
    hcan2_mutex                              0x200000f0   Data           4  connect_task.o(.data)
    hcan1_mutex                              0x200000f4   Data           4  connect_task.o(.data)
    view_control_flag                        0x200000f8   Data           1  gimbal_task.o(.data)
    robot_work_mode                          0x200000f9   Data           1  gimbal_task.o(.data)
    robot_control_mode                       0x200000fa   Data           1  gimbal_task.o(.data)
    gimbal_work_mode                         0x200000fb   Data           1  gimbal_task.o(.data)
    time_tick_ms                             0x200000fc   Data           4  gimbal_task.o(.data)
    gimbal_position_init_finish_flag         0x20000100   Data           1  gimbal_task.o(.data)
    vision_K                                 0x20000104   Data           4  gimbal_task.o(.data)
    ROBOT_ROTATE_MOTION_MODE_flag            0x20000108   Data           4  gimbal_task.o(.data)
    delta_yaw                                0x2000010c   Data          88  gimbal_task.o(.data)
    delta_pitch                              0x20000164   Data          88  gimbal_task.o(.data)
    WINDOW_SIZE                              0x200001bc   Data           4  gimbal_task.o(.data)
    sum                                      0x200001c0   Data           4  gimbal_task.o(.data)
    output                                   0x200001c4   Data           4  gimbal_task.o(.data)
    i                                        0x200001c8   Data           4  gimbal_task.o(.data)
    delta_yaw_dev                            0x200001cc   Data           4  gimbal_task.o(.data)
    delta_pitch_dev                          0x200001d0   Data           4  gimbal_task.o(.data)
    delta_pitch_dev_y1                       0x200001d4   Data           4  gimbal_task.o(.data)
    delta_pitch_dev_y2                       0x200001d8   Data           4  gimbal_task.o(.data)
    gyroy_aver                               0x200001dc   Data           4  gimbal_task.o(.data)
    last_gyroy_aver                          0x200001e0   Data           4  gimbal_task.o(.data)
    final_gyroy_aver                         0x200001e4   Data           4  gimbal_task.o(.data)
    numnum                                   0x200001e8   Data           4  gimbal_task.o(.data)
    delta_yaw_dev_flag                       0x200001ec   Data           1  gimbal_task.o(.data)
    enemy_rotate                             0x200001ed   Data           1  gimbal_task.o(.data)
    rotate_deduce                            0x200001ee   Data           1  gimbal_task.o(.data)
    right_num                                0x200001ef   Data           1  gimbal_task.o(.data)
    left_num                                 0x200001f0   Data           1  gimbal_task.o(.data)
    break_rotate                             0x200001f1   Data           1  gimbal_task.o(.data)
    time1                                    0x200001f2   Data           1  gimbal_task.o(.data)
    key_trigger_num                          0x200001f3   Data           1  gimbal_task.o(.data)
    left_time                                0x200001f4   Data           4  gimbal_task.o(.data)
    right_time                               0x200001f8   Data           4  gimbal_task.o(.data)
    vision_flag                              0x200001fc   Data           1  gimbal_task.o(.data)
    gyro_dma_rx_buf                          0x20000204   Data           8  ins_task.o(.data)
    gyro_dma_tx_buf                          0x2000020c   Data           8  ins_task.o(.data)
    accel_dma_tx_buf                         0x20000214   Data           9  ins_task.o(.data)
    accel_temp_dma_rx_buf                    0x2000021d   Data           4  ins_task.o(.data)
    accel_temp_dma_tx_buf                    0x20000221   Data           4  ins_task.o(.data)
    gyro_update_flag                         0x20000225   Data           1  ins_task.o(.data)
    accel_update_flag                        0x20000226   Data           1  ins_task.o(.data)
    accel_temp_update_flag                   0x20000227   Data           1  ins_task.o(.data)
    mag_update_flag                          0x20000228   Data           1  ins_task.o(.data)
    imu_start_dma_flag                       0x20000229   Data           1  ins_task.o(.data)
    gyro_scale_factor                        0x2000022c   Data          36  ins_task.o(.data)
    accel_scale_factor                       0x20000250   Data          36  ins_task.o(.data)
    mag_scale_factor                         0x20000274   Data          36  ins_task.o(.data)
    yaw_temp                                 0x2000029c   Data           4  ins_task.o(.data)
    pitch_temp                               0x200002a0   Data           4  ins_task.o(.data)
    roll_temp                                0x200002a4   Data           4  ins_task.o(.data)
    last_yaw_temp                            0x200002a8   Data           4  ins_task.o(.data)
    last_pitch_temp                          0x200002ac   Data           4  ins_task.o(.data)
    last_roll_temp                           0x200002b0   Data           4  ins_task.o(.data)
    yaw_cnt                                  0x200002b4   Data           4  ins_task.o(.data)
    pitch_cnt                                0x200002b8   Data           4  ins_task.o(.data)
    roll_cnt                                 0x200002bc   Data           4  ins_task.o(.data)
    monitor                                  0x200002c8   Data         104  monitor_task.o(.data)
    Timer_100MS_Task_Handler                 0x20000330   Data           4  monitor_task.o(.data)
    task_suspend_flag                        0x20000334   Data           1  monitor_task.o(.data)
    fric_mode                                0x2000033a   Data           1  shoot_task.o(.data)
    shoot_mode                               0x2000033b   Data           1  shoot_task.o(.data)
    shoot_speed                              0x2000033c   Data           2  shoot_task.o(.data)
    SINGLE_BULLET_ANGLE                      0x2000033e   Data           2  shoot_task.o(.data)
    INS_Task_Handler                         0x20000348   Data           4  start_task.o(.data)
    Gimbal_Task_Handler                      0x2000034c   Data           4  start_task.o(.data)
    Shoot_Task_Handler                       0x20000350   Data           4  start_task.o(.data)
    Connect_Task_Handler                     0x20000354   Data           4  start_task.o(.data)
    Test_Task_Handler                        0x20000358   Data           4  start_task.o(.data)
    Monitor_Task_Handler                     0x2000035c   Data           4  start_task.o(.data)
    Cali_Task_Handler                        0x20000360   Data           4  start_task.o(.data)
    twoKp                                    0x20000364   Data           4  mahonyahrs.o(.data)
    twoKi                                    0x20000368   Data           4  mahonyahrs.o(.data)
    integralFBx                              0x2000036c   Data           4  mahonyahrs.o(.data)
    integralFBy                              0x20000370   Data           4  mahonyahrs.o(.data)
    integralFBz                              0x20000374   Data           4  mahonyahrs.o(.data)
    cali_gimbal_pid                          0x20000378   Data         112  pid.o(.data)
    cali_shoot_pid                           0x200003e8   Data         112  pid.o(.data)
    BMI088_ACCEL_SEN                         0x20000458   Data           4  bmi088driver.o(.data)
    BMI088_GYRO_SEN                          0x2000045c   Data           4  bmi088driver.o(.data)
    can1_rx_header                           0x20000488   Data          28  can.o(.bss)
    can1_tx_header                           0x200004a4   Data          24  can.o(.bss)
    can2_rx_header                           0x200004bc   Data          28  can.o(.bss)
    can2_tx_header                           0x200004d8   Data          24  can.o(.bss)
    hcan1                                    0x200004f0   Data          40  can.o(.bss)
    hcan2                                    0x20000518   Data          40  can.o(.bss)
    hi2c3                                    0x20000540   Data          84  i2c.o(.bss)
    hspi1                                    0x20000594   Data          88  spi.o(.bss)
    hdma_spi1_rx                             0x200005ec   Data          96  spi.o(.bss)
    hdma_spi1_tx                             0x2000064c   Data          96  spi.o(.bss)
    htim1                                    0x200006ac   Data          64  tim.o(.bss)
    htim3                                    0x200006ec   Data          64  tim.o(.bss)
    htim4                                    0x2000072c   Data          64  tim.o(.bss)
    htim6                                    0x2000076c   Data          64  tim.o(.bss)
    htim7                                    0x200007ac   Data          64  tim.o(.bss)
    htim10                                   0x200007ec   Data          64  tim.o(.bss)
    usart1_rx_cali_data                      0x2000082c   Data          40  usart.o(.bss)
    usart1_tx_cali_data                      0x20000854   Data          40  usart.o(.bss)
    usart3_remote_data                       0x2000087c   Data          36  usart.o(.bss)
    usart6_rx_vision_data                    0x200008a0   Data          40  usart.o(.bss)
    usart6_tx_vision_data                    0x200008c8   Data          40  usart.o(.bss)
    PCrx                                     0x200008f0   Data          16  usart.o(.bss)
    control_data                             0x20000900   Data          39  usart.o(.bss)
    huart1                                   0x20000928   Data          64  usart.o(.bss)
    huart3                                   0x20000968   Data          64  usart.o(.bss)
    huart6                                   0x200009a8   Data          64  usart.o(.bss)
    hdma_usart1_tx                           0x200009e8   Data          96  usart.o(.bss)
    hdma_usart1_rx                           0x20000a48   Data          96  usart.o(.bss)
    hdma_usart3_rx                           0x20000aa8   Data          96  usart.o(.bss)
    hdma_usart6_rx                           0x20000b08   Data          96  usart.o(.bss)
    hdma_usart6_tx                           0x20000b68   Data          96  usart.o(.bss)
    htim2                                    0x20000bc8   Data          64  stm32f4xx_hal_timebase_tim.o(.bss)
    xQueueRegistry                           0x20000c08   Data          64  queue.o(.bss)
    fric_motor1_msg                          0x200078ec   Data          80  can1_app.o(.bss)
    fric_motor2_msg                          0x2000793c   Data          80  can1_app.o(.bss)
    trigger_motor_msg                        0x2000798c   Data          80  can1_app.o(.bss)
    yaw_motor_msg                            0x200079dc   Data          80  can2_app.o(.bss)
    pitch_motor_msg                          0x20007a2c   Data          80  can2_app.o(.bss)
    Judge_data                               0x20007a7c   Data          20  can2_app.o(.bss)
    rc_analog_key                            0x20007a90   Data          12  remote_app.o(.bss)
    rc_ctrl_data                             0x20007a9c   Data          32  remote_app.o(.bss)
    shoot_mag                                0x20007abc   Data          10  rule.o(.bss)
    connect_data                             0x20007ac8   Data          32  connect_task.o(.bss)
    vision_tx_data                           0x20007ae8   Data          18  connect_task.o(.bss)
    tx_data                                  0x20007afa   Data          22  connect_task.o(.bss)
    gimbal_pid                               0x20007b10   Data         352  gimbal_task.o(.bss)
    gimbal_control_data                      0x20007c70   Data          48  gimbal_task.o(.bss)
    INS                                      0x20007ca0   Data          24  ins_task.o(.bss)
    accel_dma_rx_buf                         0x20007cb8   Data           9  ins_task.o(.bss)
    bmi088_real_data                         0x20007cc4   Data          36  ins_task.o(.bss)
    gyro_offset                              0x20007ce8   Data          12  ins_task.o(.bss)
    gyro_cali_offset                         0x20007cf4   Data          12  ins_task.o(.bss)
    accel_offset                             0x20007d00   Data          12  ins_task.o(.bss)
    accel_cali_offset                        0x20007d0c   Data          12  ins_task.o(.bss)
    ist8310_real_data                        0x20007d18   Data          16  ins_task.o(.bss)
    mag_offset                               0x20007d28   Data          12  ins_task.o(.bss)
    mag_cali_offset                          0x20007d34   Data          12  ins_task.o(.bss)
    INS_gyro                                 0x20007dac   Data          12  ins_task.o(.bss)
    INS_angle                                0x20007de0   Data          12  ins_task.o(.bss)
    shoot_pid                                0x20007dec   Data         352  shoot_task.o(.bss)
    shoot_control_data                       0x20007f4c   Data          72  shoot_task.o(.bss)
    ch                                       0x20007f94   Data         400  test_task.o(.bss)
    __initial_sp                             0x2000c128   Data           0  startup_stm32f407xx.o(STACK)



==============================================================================

Memory Map of the image

  Image Entry point : 0x08000189

  Load Region LR_IROM1 (Base: 0x08000000, Size: 0x0001424c, Max: 0x00100000, ABSOLUTE, COMPRESSED[0x00013ed0])

    Execution Region ER_IROM1 (Exec base: 0x08000000, Load base: 0x08000000, Size: 0x00013dc4, Max: 0x00100000, ABSOLUTE)

    Exec Addr    Load Addr    Size         Type   Attr      Idx    E Section Name        Object

    0x08000000   0x08000000   0x00000188   Data   RO         6457    RESET               startup_stm32f407xx.o
    0x08000188   0x08000188   0x00000000   Code   RO         8630  * .ARM.Collect$$$$00000000  mc_w.l(entry.o)
    0x08000188   0x08000188   0x00000004   Code   RO         8938    .ARM.Collect$$$$00000001  mc_w.l(entry2.o)
    0x0800018c   0x0800018c   0x00000004   Code   RO         8941    .ARM.Collect$$$$00000004  mc_w.l(entry5.o)
    0x08000190   0x08000190   0x00000000   Code   RO         8943    .ARM.Collect$$$$00000008  mc_w.l(entry7b.o)
    0x08000190   0x08000190   0x00000000   Code   RO         8945    .ARM.Collect$$$$0000000A  mc_w.l(entry8b.o)
    0x08000190   0x08000190   0x00000008   Code   RO         8946    .ARM.Collect$$$$0000000B  mc_w.l(entry9a.o)
    0x08000198   0x08000198   0x00000004   Code   RO         8953    .ARM.Collect$$$$0000000E  mc_w.l(entry12b.o)
    0x0800019c   0x0800019c   0x00000000   Code   RO         8948    .ARM.Collect$$$$0000000F  mc_w.l(entry10a.o)
    0x0800019c   0x0800019c   0x00000000   Code   RO         8950    .ARM.Collect$$$$00000011  mc_w.l(entry11a.o)
    0x0800019c   0x0800019c   0x00000004   Code   RO         8939    .ARM.Collect$$$$00002712  mc_w.l(entry2.o)
    0x080001a0   0x080001a0   0x000000be   Code   RO         6378    .emb_text           port.o
    0x0800025e   0x0800025e   0x00000002   PAD
    0x08000260   0x08000260   0x00000024   Code   RO         6458    .text               startup_stm32f407xx.o
    0x08000284   0x08000284   0x00000062   Code   RO         8633    .text               mc_w.l(uldiv.o)
    0x080002e6   0x080002e6   0x00000024   Code   RO         8635    .text               mc_w.l(memcpya.o)
    0x0800030a   0x0800030a   0x00000024   Code   RO         8639    .text               mc_w.l(memseta.o)
    0x0800032e   0x0800032e   0x0000000e   Code   RO         8641    .text               mc_w.l(strlen.o)
    0x0800033c   0x0800033c   0x00000012   Code   RO         8643    .text               mc_w.l(strcpy.o)
    0x0800034e   0x0800034e   0x0000014e   Code   RO         8908    .text               mf_w.l(dadd.o)
    0x0800049c   0x0800049c   0x000000e4   Code   RO         8910    .text               mf_w.l(dmul.o)
    0x08000580   0x08000580   0x000000de   Code   RO         8912    .text               mf_w.l(ddiv.o)
    0x0800065e   0x0800065e   0x0000001a   Code   RO         8914    .text               mf_w.l(dfltui.o)
    0x08000678   0x08000678   0x00000026   Code   RO         8916    .text               mf_w.l(f2d.o)
    0x0800069e   0x0800069e   0x00000038   Code   RO         8920    .text               mf_w.l(d2f.o)
    0x080006d6   0x080006d6   0x0000002c   Code   RO         8954    .text               mc_w.l(uidiv.o)
    0x08000702   0x08000702   0x0000001e   Code   RO         8956    .text               mc_w.l(llshl.o)
    0x08000720   0x08000720   0x00000020   Code   RO         8958    .text               mc_w.l(llushr.o)
    0x08000740   0x08000740   0x00000024   Code   RO         8960    .text               mc_w.l(llsshr.o)
    0x08000764   0x08000764   0x00000000   Code   RO         8969    .text               mc_w.l(iusefp.o)
    0x08000764   0x08000764   0x0000006e   Code   RO         8970    .text               mf_w.l(fepilogue.o)
    0x080007d2   0x080007d2   0x000000ba   Code   RO         8972    .text               mf_w.l(depilogue.o)
    0x0800088c   0x0800088c   0x000000a2   Code   RO         8974    .text               mf_w.l(dsqrt.o)
    0x0800092e   0x0800092e   0x00000030   Code   RO         8976    .text               mf_w.l(dfixul.o)
    0x0800095e   0x0800095e   0x00000002   PAD
    0x08000960   0x08000960   0x00000030   Code   RO         8978    .text               mf_w.l(cdrcmple.o)
    0x08000990   0x08000990   0x00000024   Code   RO         8980    .text               mc_w.l(init.o)
    0x080009b4   0x080009b4   0x00000056   Code   RO         8990    .text               mc_w.l(__dczerorl2.o)
    0x08000a0a   0x08000a0a   0x00000002   PAD
    0x08000a0c   0x08000a0c   0x00000028   Code   RO         7035    i.AHRS_init         ins_task.o
    0x08000a34   0x08000a34   0x0000006a   Code   RO         7036    i.AHRS_update       ins_task.o
    0x08000a9e   0x08000a9e   0x00000002   PAD
    0x08000aa0   0x08000aa0   0x00000014   Code   RO         7888    i.BMI088_ACCEL_NS_H  bmi088middleware.o
    0x08000ab4   0x08000ab4   0x00000014   Code   RO         7889    i.BMI088_ACCEL_NS_L  bmi088middleware.o
    0x08000ac8   0x08000ac8   0x00000098   Code   RO         7890    i.BMI088_GPIO_init  bmi088middleware.o
    0x08000b60   0x08000b60   0x00000014   Code   RO         7891    i.BMI088_GYRO_NS_H  bmi088middleware.o
    0x08000b74   0x08000b74   0x00000014   Code   RO         7892    i.BMI088_GYRO_NS_L  bmi088middleware.o
    0x08000b88   0x08000b88   0x00000090   Code   RO         7635    i.BMI088_accel_read_over  bmi088driver.o
    0x08000c18   0x08000c18   0x00000002   Code   RO         7893    i.BMI088_com_init   bmi088middleware.o
    0x08000c1a   0x08000c1a   0x0000000c   Code   RO         7894    i.BMI088_delay_ms   bmi088middleware.o
    0x08000c26   0x08000c26   0x0000000c   Code   RO         7895    i.BMI088_delay_us   bmi088middleware.o
    0x08000c32   0x08000c32   0x00000002   PAD
    0x08000c34   0x08000c34   0x00000068   Code   RO         7636    i.BMI088_gyro_read_over  bmi088driver.o
    0x08000c9c   0x08000c9c   0x00000034   Code   RO         7637    i.BMI088_init       bmi088driver.o
    0x08000cd0   0x08000cd0   0x0000017c   Code   RO         7638    i.BMI088_read       bmi088driver.o
    0x08000e4c   0x08000e4c   0x00000026   Code   RO         7641    i.BMI088_read_muli_reg  bmi088driver.o
    0x08000e72   0x08000e72   0x00000018   Code   RO         7642    i.BMI088_read_single_reg  bmi088driver.o
    0x08000e8a   0x08000e8a   0x00000002   PAD
    0x08000e8c   0x08000e8c   0x00000020   Code   RO         7896    i.BMI088_read_write_byte  bmi088middleware.o
    0x08000eac   0x08000eac   0x00000034   Code   RO         7643    i.BMI088_temperature_read_over  bmi088driver.o
    0x08000ee0   0x08000ee0   0x00000014   Code   RO         7644    i.BMI088_write_single_reg  bmi088driver.o
    0x08000ef4   0x08000ef4   0x00000038   Code   RO          335    i.Breathing_lamp    gpio.o
    0x08000f2c   0x08000f2c   0x00000004   Code   RO          860    i.BusFault_Handler  stm32f4xx_it.o
    0x08000f30   0x08000f30   0x00000010   Code   RO          861    i.CAN1_RX0_IRQHandler  stm32f4xx_it.o
    0x08000f40   0x08000f40   0x00000010   Code   RO          862    i.CAN1_TX_IRQHandler  stm32f4xx_it.o
    0x08000f50   0x08000f50   0x00000010   Code   RO          863    i.CAN2_RX0_IRQHandler  stm32f4xx_it.o
    0x08000f60   0x08000f60   0x00000010   Code   RO          864    i.CAN2_TX_IRQHandler  stm32f4xx_it.o
    0x08000f70   0x08000f70   0x0000006c   Code   RO          432    i.CAN_APP_INIT      can.o
    0x08000fdc   0x08000fdc   0x0000003c   Code   RO          865    i.DMA1_Stream1_IRQHandler  stm32f4xx_it.o
    0x08001018   0x08001018   0x00000010   Code   RO          866    i.DMA2_Stream1_IRQHandler  stm32f4xx_it.o
    0x08001028   0x08001028   0x00000880   Code   RO         7037    i.DMA2_Stream2_IRQHandler  ins_task.o
    0x080018a8   0x080018a8   0x00000010   Code   RO          867    i.DMA2_Stream3_IRQHandler  stm32f4xx_it.o
    0x080018b8   0x080018b8   0x00000010   Code   RO          868    i.DMA2_Stream5_IRQHandler  stm32f4xx_it.o
    0x080018c8   0x080018c8   0x00000010   Code   RO          869    i.DMA2_Stream6_IRQHandler  stm32f4xx_it.o
    0x080018d8   0x080018d8   0x00000010   Code   RO          870    i.DMA2_Stream7_IRQHandler  stm32f4xx_it.o
    0x080018e8   0x080018e8   0x00000034   Code   RO         1853    i.DMA_CalcBaseAndBitshift  stm32f4xx_hal_dma.o
    0x0800191c   0x0800191c   0x000000aa   Code   RO         1854    i.DMA_CheckFifoParam  stm32f4xx_hal_dma.o
    0x080019c6   0x080019c6   0x0000002c   Code   RO         1855    i.DMA_SetConfig     stm32f4xx_hal_dma.o
    0x080019f2   0x080019f2   0x00000002   Code   RO          871    i.DebugMon_Handler  stm32f4xx_it.o
    0x080019f4   0x080019f4   0x0000000a   Code   RO          872    i.EXTI0_IRQHandler  stm32f4xx_it.o
    0x080019fe   0x080019fe   0x0000000a   Code   RO          873    i.EXTI3_IRQHandler  stm32f4xx_it.o
    0x08001a08   0x08001a08   0x0000000a   Code   RO          874    i.EXTI4_IRQHandler  stm32f4xx_it.o
    0x08001a12   0x08001a12   0x0000000a   Code   RO          875    i.EXTI9_5_IRQHandler  stm32f4xx_it.o
    0x08001a1c   0x08001a1c   0x00000006   Code   RO          191    i.Error_Handler     main.o
    0x08001a22   0x08001a22   0x00000002   PAD
    0x08001a24   0x08001a24   0x0000007c   Code   RO         1116    i.HAL_CAN_ActivateNotification  stm32f4xx_hal_can.o
    0x08001aa0   0x08001aa0   0x000001ec   Code   RO         1117    i.HAL_CAN_AddTxMessage  stm32f4xx_hal_can.o
    0x08001c8c   0x08001c8c   0x00000230   Code   RO         1118    i.HAL_CAN_ConfigFilter  stm32f4xx_hal_can.o
    0x08001ebc   0x08001ebc   0x00000002   Code   RO         1121    i.HAL_CAN_ErrorCallback  stm32f4xx_hal_can.o
    0x08001ebe   0x08001ebe   0x00000002   PAD
    0x08001ec0   0x08001ec0   0x000001d4   Code   RO         1124    i.HAL_CAN_GetRxMessage  stm32f4xx_hal_can.o
    0x08002094   0x08002094   0x0000024e   Code   RO         1128    i.HAL_CAN_IRQHandler  stm32f4xx_hal_can.o
    0x080022e2   0x080022e2   0x00000002   PAD
    0x080022e4   0x080022e4   0x0000038c   Code   RO         1129    i.HAL_CAN_Init      stm32f4xx_hal_can.o
    0x08002670   0x08002670   0x00000180   Code   RO          434    i.HAL_CAN_MspInit   can.o
    0x080027f0   0x080027f0   0x00000002   Code   RO         1136    i.HAL_CAN_RxFifo0FullCallback  stm32f4xx_hal_can.o
    0x080027f2   0x080027f2   0x00000002   PAD
    0x080027f4   0x080027f4   0x00000058   Code   RO          435    i.HAL_CAN_RxFifo0MsgPendingCallback  can.o
    0x0800284c   0x0800284c   0x00000002   Code   RO         1138    i.HAL_CAN_RxFifo1FullCallback  stm32f4xx_hal_can.o
    0x0800284e   0x0800284e   0x00000002   Code   RO         1139    i.HAL_CAN_RxFifo1MsgPendingCallback  stm32f4xx_hal_can.o
    0x08002850   0x08002850   0x00000002   Code   RO         1140    i.HAL_CAN_SleepCallback  stm32f4xx_hal_can.o
    0x08002852   0x08002852   0x0000005e   Code   RO         1141    i.HAL_CAN_Start     stm32f4xx_hal_can.o
    0x080028b0   0x080028b0   0x00000002   Code   RO         1143    i.HAL_CAN_TxMailbox0AbortCallback  stm32f4xx_hal_can.o
    0x080028b2   0x080028b2   0x00000002   Code   RO         1144    i.HAL_CAN_TxMailbox0CompleteCallback  stm32f4xx_hal_can.o
    0x080028b4   0x080028b4   0x00000002   Code   RO         1145    i.HAL_CAN_TxMailbox1AbortCallback  stm32f4xx_hal_can.o
    0x080028b6   0x080028b6   0x00000002   Code   RO         1146    i.HAL_CAN_TxMailbox1CompleteCallback  stm32f4xx_hal_can.o
    0x080028b8   0x080028b8   0x00000002   Code   RO         1147    i.HAL_CAN_TxMailbox2AbortCallback  stm32f4xx_hal_can.o
    0x080028ba   0x080028ba   0x00000002   Code   RO         1148    i.HAL_CAN_TxMailbox2CompleteCallback  stm32f4xx_hal_can.o
    0x080028bc   0x080028bc   0x00000002   Code   RO         1150    i.HAL_CAN_WakeUpFromRxMsgCallback  stm32f4xx_hal_can.o
    0x080028be   0x080028be   0x000000aa   Code   RO         1856    i.HAL_DMA_Abort     stm32f4xx_hal_dma.o
    0x08002968   0x08002968   0x00000028   Code   RO         1857    i.HAL_DMA_Abort_IT  stm32f4xx_hal_dma.o
    0x08002990   0x08002990   0x00000240   Code   RO         1861    i.HAL_DMA_IRQHandler  stm32f4xx_hal_dma.o
    0x08002bd0   0x08002bd0   0x0000035c   Code   RO         1862    i.HAL_DMA_Init      stm32f4xx_hal_dma.o
    0x08002f2c   0x08002f2c   0x000000e0   Code   RO         1866    i.HAL_DMA_Start_IT  stm32f4xx_hal_dma.o
    0x0800300c   0x0800300c   0x000000a8   Code   RO         7038    i.HAL_GPIO_EXTI_Callback  ins_task.o
    0x080030b4   0x080030b4   0x0000001c   Code   RO         1748    i.HAL_GPIO_EXTI_IRQHandler  stm32f4xx_hal_gpio.o
    0x080030d0   0x080030d0   0x00000440   Code   RO         1749    i.HAL_GPIO_Init     stm32f4xx_hal_gpio.o
    0x08003510   0x08003510   0x00000078   Code   RO         1753    i.HAL_GPIO_WritePin  stm32f4xx_hal_gpio.o
    0x08003588   0x08003588   0x0000000c   Code   RO         2286    i.HAL_GetTick       stm32f4xx_hal.o
    0x08003594   0x08003594   0x000002f0   Code   RO         2542    i.HAL_I2C_Init      stm32f4xx_hal_i2c.o
    0x08003884   0x08003884   0x00000340   Code   RO         2560    i.HAL_I2C_Mem_Read  stm32f4xx_hal_i2c.o
    0x08003bc4   0x08003bc4   0x000001b0   Code   RO         2563    i.HAL_I2C_Mem_Write  stm32f4xx_hal_i2c.o
    0x08003d74   0x08003d74   0x000000c8   Code   RO          518    i.HAL_I2C_MspInit   i2c.o
    0x08003e3c   0x08003e3c   0x00000018   Code   RO         2292    i.HAL_IncTick       stm32f4xx_hal.o
    0x08003e54   0x08003e54   0x0000003c   Code   RO         2293    i.HAL_Init          stm32f4xx_hal.o
    0x08003e90   0x08003e90   0x00000088   Code   RO         1076    i.HAL_InitTick      stm32f4xx_hal_timebase_tim.o
    0x08003f18   0x08003f18   0x00000054   Code   RO         1052    i.HAL_MspInit       stm32f4xx_hal_msp.o
    0x08003f6c   0x08003f6c   0x0000006c   Code   RO         2138    i.HAL_NVIC_EnableIRQ  stm32f4xx_hal_cortex.o
    0x08003fd8   0x08003fd8   0x000000d4   Code   RO         2144    i.HAL_NVIC_SetPriority  stm32f4xx_hal_cortex.o
    0x080040ac   0x080040ac   0x00000088   Code   RO         2145    i.HAL_NVIC_SetPriorityGrouping  stm32f4xx_hal_cortex.o
    0x08004134   0x08004134   0x000002c0   Code   RO         1350    i.HAL_RCC_ClockConfig  stm32f4xx_hal_rcc.o
    0x080043f4   0x080043f4   0x00000044   Code   RO         1354    i.HAL_RCC_GetClockConfig  stm32f4xx_hal_rcc.o
    0x08004438   0x08004438   0x0000000c   Code   RO         1355    i.HAL_RCC_GetHCLKFreq  stm32f4xx_hal_rcc.o
    0x08004444   0x08004444   0x00000020   Code   RO         1357    i.HAL_RCC_GetPCLK1Freq  stm32f4xx_hal_rcc.o
    0x08004464   0x08004464   0x00000020   Code   RO         1358    i.HAL_RCC_GetPCLK2Freq  stm32f4xx_hal_rcc.o
    0x08004484   0x08004484   0x000000b0   Code   RO         1359    i.HAL_RCC_GetSysClockFreq  stm32f4xx_hal_rcc.o
    0x08004534   0x08004534   0x000005fc   Code   RO         1362    i.HAL_RCC_OscConfig  stm32f4xx_hal_rcc.o
    0x08004b30   0x08004b30   0x000001f4   Code   RO         3032    i.HAL_SPI_Init      stm32f4xx_hal_spi.o
    0x08004d24   0x08004d24   0x00000158   Code   RO          560    i.HAL_SPI_MspInit   spi.o
    0x08004e7c   0x08004e7c   0x00000274   Code   RO         3041    i.HAL_SPI_TransmitReceive  stm32f4xx_hal_spi.o
    0x080050f0   0x080050f0   0x0000007c   Code   RO         2147    i.HAL_SYSTICK_CLKSourceConfig  stm32f4xx_hal_cortex.o
    0x0800516c   0x0800516c   0x00000002   Code   RO         4031    i.HAL_TIMEx_BreakCallback  stm32f4xx_hal_tim_ex.o
    0x0800516e   0x0800516e   0x00000002   Code   RO         4032    i.HAL_TIMEx_CommutCallback  stm32f4xx_hal_tim_ex.o
    0x08005170   0x08005170   0x00000188   Code   RO         4034    i.HAL_TIMEx_ConfigBreakDeadTime  stm32f4xx_hal_tim_ex.o
    0x080052f8   0x080052f8   0x00000198   Code   RO         4049    i.HAL_TIMEx_MasterConfigSynchronization  stm32f4xx_hal_tim_ex.o
    0x08005490   0x08005490   0x0000017c   Code   RO         3345    i.HAL_TIM_Base_Init  stm32f4xx_hal_tim.o
    0x0800560c   0x0800560c   0x0000017c   Code   RO          614    i.HAL_TIM_Base_MspInit  tim.o
    0x08005788   0x08005788   0x00000114   Code   RO         3350    i.HAL_TIM_Base_Start_IT  stm32f4xx_hal_tim.o
    0x0800589c   0x0800589c   0x00000594   Code   RO         3354    i.HAL_TIM_ConfigClockSource  stm32f4xx_hal_tim.o
    0x08005e30   0x08005e30   0x00000002   Code   RO         3374    i.HAL_TIM_IC_CaptureCallback  stm32f4xx_hal_tim.o
    0x08005e32   0x08005e32   0x00000196   Code   RO         3388    i.HAL_TIM_IRQHandler  stm32f4xx_hal_tim.o
    0x08005fc8   0x08005fc8   0x0000012c   Code   RO          615    i.HAL_TIM_MspPostInit  tim.o
    0x080060f4   0x080060f4   0x00000002   Code   RO         3391    i.HAL_TIM_OC_DelayElapsedCallback  stm32f4xx_hal_tim.o
    0x080060f6   0x080060f6   0x00000002   PAD
    0x080060f8   0x080060f8   0x00000304   Code   RO         3412    i.HAL_TIM_PWM_ConfigChannel  stm32f4xx_hal_tim.o
    0x080063fc   0x080063fc   0x0000017c   Code   RO         3415    i.HAL_TIM_PWM_Init  stm32f4xx_hal_tim.o
    0x08006578   0x08006578   0x00000002   Code   RO         3417    i.HAL_TIM_PWM_MspInit  stm32f4xx_hal_tim.o
    0x0800657a   0x0800657a   0x00000002   Code   RO         3418    i.HAL_TIM_PWM_PulseFinishedCallback  stm32f4xx_hal_tim.o
    0x0800657c   0x0800657c   0x00000194   Code   RO         3420    i.HAL_TIM_PWM_Start  stm32f4xx_hal_tim.o
    0x08006710   0x08006710   0x00000068   Code   RO          192    i.HAL_TIM_PeriodElapsedCallback  main.o
    0x08006778   0x08006778   0x00000002   Code   RO         3431    i.HAL_TIM_TriggerCallback  stm32f4xx_hal_tim.o
    0x0800677a   0x0800677a   0x00000066   Code   RO         4301    i.HAL_UART_DMAStop  stm32f4xx_hal_uart.o
    0x080067e0   0x080067e0   0x00000002   Code   RO         4303    i.HAL_UART_ErrorCallback  stm32f4xx_hal_uart.o
    0x080067e2   0x080067e2   0x00000002   PAD
    0x080067e4   0x080067e4   0x00000154   Code   RO         4306    i.HAL_UART_IRQHandler  stm32f4xx_hal_uart.o
    0x08006938   0x08006938   0x00000188   Code   RO         4307    i.HAL_UART_Init     stm32f4xx_hal_uart.o
    0x08006ac0   0x08006ac0   0x00000338   Code   RO          753    i.HAL_UART_MspInit  usart.o
    0x08006df8   0x08006df8   0x000000c4   Code   RO         4311    i.HAL_UART_Receive_DMA  stm32f4xx_hal_uart.o
    0x08006ebc   0x08006ebc   0x00000002   Code   RO         4313    i.HAL_UART_RxCpltCallback  stm32f4xx_hal_uart.o
    0x08006ebe   0x08006ebe   0x00000002   Code   RO         4314    i.HAL_UART_RxHalfCpltCallback  stm32f4xx_hal_uart.o
    0x08006ec0   0x08006ec0   0x000000d8   Code   RO         4315    i.HAL_UART_Transmit  stm32f4xx_hal_uart.o
    0x08006f98   0x08006f98   0x00000002   Code   RO         4318    i.HAL_UART_TxCpltCallback  stm32f4xx_hal_uart.o
    0x08006f9a   0x08006f9a   0x00000004   Code   RO          876    i.HardFault_Handler  stm32f4xx_it.o
    0x08006f9e   0x08006f9e   0x0000003e   Code   RO         2585    i.I2C_IsAcknowledgeFailed  stm32f4xx_hal_i2c.o
    0x08006fdc   0x08006fdc   0x00000160   Code   RO         2596    i.I2C_RequestMemoryRead  stm32f4xx_hal_i2c.o
    0x0800713c   0x0800713c   0x000000e0   Code   RO         2597    i.I2C_RequestMemoryWrite  stm32f4xx_hal_i2c.o
    0x0800721c   0x0800721c   0x0000005c   Code   RO         2605    i.I2C_WaitOnBTFFlagUntilTimeout  stm32f4xx_hal_i2c.o
    0x08007278   0x08007278   0x00000086   Code   RO         2606    i.I2C_WaitOnFlagUntilTimeout  stm32f4xx_hal_i2c.o
    0x080072fe   0x080072fe   0x000000c4   Code   RO         2607    i.I2C_WaitOnMasterAddressFlagUntilTimeout  stm32f4xx_hal_i2c.o
    0x080073c2   0x080073c2   0x00000080   Code   RO         2608    i.I2C_WaitOnRXNEFlagUntilTimeout  stm32f4xx_hal_i2c.o
    0x08007442   0x08007442   0x0000005c   Code   RO         2611    i.I2C_WaitOnTXEFlagUntilTimeout  stm32f4xx_hal_i2c.o
    0x0800749e   0x0800749e   0x00000002   PAD
    0x080074a0   0x080074a0   0x00000308   Code   RO         7039    i.INS_task          ins_task.o
    0x080077a8   0x080077a8   0x00000068   Code   RO         8070    i.LEDPIN_Init       oled.o
    0x08007810   0x08007810   0x00000018   Code   RO         8073    i.LED_DLY_ms        oled.o
    0x08007828   0x08007828   0x0000003a   Code   RO         8074    i.LED_Fill          oled.o
    0x08007862   0x08007862   0x00000002   PAD
    0x08007864   0x08007864   0x00000064   Code   RO         8077    i.LED_P6x8Str       oled.o
    0x080078c8   0x080078c8   0x00000024   Code   RO         8087    i.LED_Set_Pos       oled.o
    0x080078ec   0x080078ec   0x00000054   Code   RO         8088    i.LED_WrCmd         oled.o
    0x08007940   0x08007940   0x00000054   Code   RO         8089    i.LED_WrDat         oled.o
    0x08007994   0x08007994   0x00000044   Code   RO          436    i.MX_CAN1_Init      can.o
    0x080079d8   0x080079d8   0x00000044   Code   RO          437    i.MX_CAN2_Init      can.o
    0x08007a1c   0x08007a1c   0x000000b8   Code   RO          493    i.MX_DMA_Init       dma.o
    0x08007ad4   0x08007ad4   0x00000038   Code   RO          371    i.MX_FREERTOS_Init  freertos.o
    0x08007b0c   0x08007b0c   0x00000254   Code   RO          336    i.MX_GPIO_Init      gpio.o
    0x08007d60   0x08007d60   0x0000003c   Code   RO          519    i.MX_I2C3_Init      i2c.o
    0x08007d9c   0x08007d9c   0x00000048   Code   RO          561    i.MX_SPI1_Init      spi.o
    0x08007de4   0x08007de4   0x00000070   Code   RO          616    i.MX_TIM10_Init     tim.o
    0x08007e54   0x08007e54   0x000000dc   Code   RO          617    i.MX_TIM1_Init      tim.o
    0x08007f30   0x08007f30   0x0000006c   Code   RO          618    i.MX_TIM3_Init      tim.o
    0x08007f9c   0x08007f9c   0x000000a4   Code   RO          619    i.MX_TIM4_Init      tim.o
    0x08008040   0x08008040   0x0000004c   Code   RO          620    i.MX_TIM6_Init      tim.o
    0x0800808c   0x0800808c   0x0000004c   Code   RO          621    i.MX_TIM7_Init      tim.o
    0x080080d8   0x080080d8   0x00000038   Code   RO          754    i.MX_USART1_UART_Init  usart.o
    0x08008110   0x08008110   0x0000003c   Code   RO          755    i.MX_USART3_UART_Init  usart.o
    0x0800814c   0x0800814c   0x00000038   Code   RO          756    i.MX_USART6_UART_Init  usart.o
    0x08008184   0x08008184   0x000005ac   Code   RO         7447    i.MahonyAHRSupdate  mahonyahrs.o
    0x08008730   0x08008730   0x00000308   Code   RO         7448    i.MahonyAHRSupdateIMU  mahonyahrs.o
    0x08008a38   0x08008a38   0x00000004   Code   RO          877    i.MemManage_Handler  stm32f4xx_it.o
    0x08008a3c   0x08008a3c   0x00000004   Code   RO          878    i.NMI_Handler       stm32f4xx_it.o
    0x08008a40   0x08008a40   0x00000172   Code   RO         7598    i.PID_Calc          pid.o
    0x08008bb2   0x08008bb2   0x00000002   PAD
    0x08008bb4   0x08008bb4   0x00000040   Code   RO         7599    i.PID_Reset         pid.o
    0x08008bf4   0x08008bf4   0x000001f0   Code   RO         7040    i.PID_calc          ins_task.o
    0x08008de4   0x08008de4   0x00000060   Code   RO         7042    i.PID_init          ins_task.o
    0x08008e44   0x08008e44   0x00000010   Code   RO         6610    i.RC_abs            remote_app.o
    0x08008e54   0x08008e54   0x0000008c   Code   RO         6611    i.RC_data_error_process  remote_app.o
    0x08008ee0   0x08008ee0   0x00000030   Code   RO         6612    i.RC_reset          remote_app.o
    0x08008f10   0x08008f10   0x0000273c   Code   RO          562    i.SPI1_DMA_enable   spi.o
    0x0800b64c   0x0800b64c   0x00000180   Code   RO          563    i.SPI1_DMA_init     spi.o
    0x0800b7cc   0x0800b7cc   0x0000006c   Code   RO         3070    i.SPI_EndRxTxTransaction  stm32f4xx_hal_spi.o
    0x0800b838   0x0800b838   0x000000a8   Code   RO         3075    i.SPI_WaitFlagStateUntilTimeout  stm32f4xx_hal_spi.o
    0x0800b8e0   0x0800b8e0   0x00000012   Code   RO         8092    i.SetAddressingMode  oled.o
    0x0800b8f2   0x0800b8f2   0x00000012   Code   RO         8094    i.SetContrastControl  oled.o
    0x0800b904   0x0800b904   0x0000000e   Code   RO         8097    i.SetStartLine      oled.o
    0x0800b912   0x0800b912   0x00000014   Code   RO         8099    i.Set_Charge_Pump   oled.o
    0x0800b926   0x0800b926   0x00000014   Code   RO         8100    i.Set_Common_Config  oled.o
    0x0800b93a   0x0800b93a   0x0000000e   Code   RO         8101    i.Set_Common_Remap  oled.o
    0x0800b948   0x0800b948   0x00000012   Code   RO         8102    i.Set_Display_Clock  oled.o
    0x0800b95a   0x0800b95a   0x00000012   Code   RO         8103    i.Set_Display_Offset  oled.o
    0x0800b96c   0x0800b96c   0x0000000e   Code   RO         8104    i.Set_Display_On_Off  oled.o
    0x0800b97a   0x0800b97a   0x0000000e   Code   RO         8105    i.Set_Entire_Display  oled.o
    0x0800b988   0x0800b988   0x0000000e   Code   RO         8106    i.Set_Inverse_Display  oled.o
    0x0800b996   0x0800b996   0x00000012   Code   RO         8107    i.Set_Multiplex_Ratio  oled.o
    0x0800b9a8   0x0800b9a8   0x00000012   Code   RO         8109    i.Set_Precharge_Period  oled.o
    0x0800b9ba   0x0800b9ba   0x0000000e   Code   RO         8110    i.Set_Segment_Remap  oled.o
    0x0800b9c8   0x0800b9c8   0x00000012   Code   RO         8111    i.Set_VCOMH         oled.o
    0x0800b9da   0x0800b9da   0x0000000a   Code   RO          372    i.StartDefaultTask  freertos.o
    0x0800b9e4   0x0800b9e4   0x00000034   Code   RO         6379    i.SysTick_Handler   port.o
    0x0800ba18   0x0800ba18   0x000000b4   Code   RO          193    i.SystemClock_Config  main.o
    0x0800bacc   0x0800bacc   0x0000001c   Code   RO         4680    i.SystemInit        system_stm32f4xx.o
    0x0800bae8   0x0800bae8   0x00000018   Code   RO          879    i.TIM1_UP_TIM10_IRQHandler  stm32f4xx_it.o
    0x0800bb00   0x0800bb00   0x00000010   Code   RO          880    i.TIM2_IRQHandler   stm32f4xx_it.o
    0x0800bb10   0x0800bb10   0x00000014   Code   RO          881    i.TIM3_IRQHandler   stm32f4xx_it.o
    0x0800bb24   0x0800bb24   0x00000010   Code   RO          882    i.TIM6_DAC_IRQHandler  stm32f4xx_it.o
    0x0800bb34   0x0800bb34   0x00000010   Code   RO          883    i.TIM7_IRQHandler   stm32f4xx_it.o
    0x0800bb44   0x0800bb44   0x000000d8   Code   RO         3433    i.TIM_Base_SetConfig  stm32f4xx_hal_tim.o
    0x0800bc1c   0x0800bc1c   0x00000104   Code   RO         3434    i.TIM_CCxChannelCmd  stm32f4xx_hal_tim.o
    0x0800bd20   0x0800bd20   0x00000016   Code   RO         3444    i.TIM_ETR_SetConfig  stm32f4xx_hal_tim.o
    0x0800bd36   0x0800bd36   0x00000012   Code   RO         3445    i.TIM_ITRx_SetConfig  stm32f4xx_hal_tim.o
    0x0800bd48   0x0800bd48   0x000000fc   Code   RO         3446    i.TIM_OC1_SetConfig  stm32f4xx_hal_tim.o
    0x0800be44   0x0800be44   0x00000104   Code   RO         3447    i.TIM_OC2_SetConfig  stm32f4xx_hal_tim.o
    0x0800bf48   0x0800bf48   0x00000104   Code   RO         3448    i.TIM_OC3_SetConfig  stm32f4xx_hal_tim.o
    0x0800c04c   0x0800c04c   0x000000b0   Code   RO         3449    i.TIM_OC4_SetConfig  stm32f4xx_hal_tim.o
    0x0800c0fc   0x0800c0fc   0x00000026   Code   RO         3451    i.TIM_TI1_ConfigInputStage  stm32f4xx_hal_tim.o
    0x0800c122   0x0800c122   0x00000028   Code   RO         3453    i.TIM_TI2_ConfigInputStage  stm32f4xx_hal_tim.o
    0x0800c14a   0x0800c14a   0x00000002   PAD
    0x0800c14c   0x0800c14c   0x0000007c   Code   RO          757    i.TX2_RX_INT        usart.o
    0x0800c1c8   0x0800c1c8   0x00000034   Code   RO         7162    i.Timer_100MS_Task  monitor_task.o
    0x0800c1fc   0x0800c1fc   0x00000014   Code   RO         4320    i.UART_DMAAbortOnError  stm32f4xx_hal_uart.o
    0x0800c210   0x0800c210   0x00000050   Code   RO         4321    i.UART_DMAError     stm32f4xx_hal_uart.o
    0x0800c260   0x0800c260   0x00000046   Code   RO         4322    i.UART_DMAReceiveCplt  stm32f4xx_hal_uart.o
    0x0800c2a6   0x0800c2a6   0x0000000e   Code   RO         4324    i.UART_DMARxHalfCplt  stm32f4xx_hal_uart.o
    0x0800c2b4   0x0800c2b4   0x00000020   Code   RO         4330    i.UART_EndRxTransfer  stm32f4xx_hal_uart.o
    0x0800c2d4   0x0800c2d4   0x00000020   Code   RO         4331    i.UART_EndTransmit_IT  stm32f4xx_hal_uart.o
    0x0800c2f4   0x0800c2f4   0x00000014   Code   RO         4332    i.UART_EndTxTransfer  stm32f4xx_hal_uart.o
    0x0800c308   0x0800c308   0x000000a6   Code   RO         4333    i.UART_Receive_IT   stm32f4xx_hal_uart.o
    0x0800c3ae   0x0800c3ae   0x00000002   PAD
    0x0800c3b0   0x0800c3b0   0x000004a6   Code   RO         4334    i.UART_SetConfig    stm32f4xx_hal_uart.o
    0x0800c856   0x0800c856   0x00000068   Code   RO         4335    i.UART_Transmit_IT  stm32f4xx_hal_uart.o
    0x0800c8be   0x0800c8be   0x0000006c   Code   RO         4336    i.UART_WaitOnFlagUntilTimeout  stm32f4xx_hal_uart.o
    0x0800c92a   0x0800c92a   0x00000002   PAD
    0x0800c92c   0x0800c92c   0x00000014   Code   RO          884    i.USART1_IRQHandler  stm32f4xx_it.o
    0x0800c940   0x0800c940   0x00000010   Code   RO          885    i.USART6_IRQHandler  stm32f4xx_it.o
    0x0800c950   0x0800c950   0x00000004   Code   RO          886    i.UsageFault_Handler  stm32f4xx_it.o
    0x0800c954   0x0800c954   0x00000100   Code   RO          759    i.VISION_MES        usart.o
    0x0800ca54   0x0800ca54   0x00000028   Code   RO         8882    i.__0sprintf        mc_w.l(printfa.o)
    0x0800ca7c   0x0800ca7c   0x00000026   Code   RO         8922    i.__ARM_fpclassifyf  m_wm.l(fpclassifyf.o)
    0x0800caa2   0x0800caa2   0x00000002   PAD
    0x0800caa4   0x0800caa4   0x00000010   Code   RO         2151    i.__NVIC_GetPriorityGrouping  stm32f4xx_hal_cortex.o
    0x0800cab4   0x0800cab4   0x00000028   Code   RO         2152    i.__NVIC_SetPriority  stm32f4xx_hal_cortex.o
    0x0800cadc   0x0800cadc   0x00000006   Code   RO         5878    i.__get_BASEPRI     cmsis_os2.o
    0x0800cae2   0x0800cae2   0x00000006   Code   RO         5879    i.__get_IPSR        cmsis_os2.o
    0x0800cae8   0x0800cae8   0x00000006   Code   RO         5880    i.__get_PRIMASK     cmsis_os2.o
    0x0800caee   0x0800caee   0x00000002   PAD
    0x0800caf0   0x0800caf0   0x0000012c   Code   RO         8582    i.__hardfp_asinf    m_wm.l(asinf.o)
    0x0800cc1c   0x0800cc1c   0x000002ac   Code   RO         8594    i.__hardfp_atan2f   m_wm.l(atan2f.o)
    0x0800cec8   0x0800cec8   0x0000007a   Code   RO         8606    i.__hardfp_sqrt     m_wm.l(sqrt.o)
    0x0800cf42   0x0800cf42   0x0000003a   Code   RO         8618    i.__hardfp_sqrtf    m_wm.l(sqrtf.o)
    0x0800cf7c   0x0800cf7c   0x00000006   Code   RO         8925    i.__mathlib_flt_infnan  m_wm.l(funder.o)
    0x0800cf82   0x0800cf82   0x00000006   Code   RO         8926    i.__mathlib_flt_infnan2  m_wm.l(funder.o)
    0x0800cf88   0x0800cf88   0x00000010   Code   RO         8927    i.__mathlib_flt_invalid  m_wm.l(funder.o)
    0x0800cf98   0x0800cf98   0x00000010   Code   RO         8930    i.__mathlib_flt_underflow  m_wm.l(funder.o)
    0x0800cfa8   0x0800cfa8   0x0000000e   Code   RO         8984    i.__scatterload_copy  mc_w.l(handlers.o)
    0x0800cfb6   0x0800cfb6   0x00000002   Code   RO         8985    i.__scatterload_null  mc_w.l(handlers.o)
    0x0800cfb8   0x0800cfb8   0x0000000e   Code   RO         8986    i.__scatterload_zeroinit  mc_w.l(handlers.o)
    0x0800cfc6   0x0800cfc6   0x00000002   PAD
    0x0800cfc8   0x0800cfc8   0x0000000c   Code   RO         8964    i.__set_errno       mc_w.l(errno.o)
    0x0800cfd4   0x0800cfd4   0x00000184   Code   RO         8887    i._fp_digits        mc_w.l(printfa.o)
    0x0800d158   0x0800d158   0x000006b4   Code   RO         8888    i._printf_core      mc_w.l(printfa.o)
    0x0800d80c   0x0800d80c   0x00000024   Code   RO         8889    i._printf_post_padding  mc_w.l(printfa.o)
    0x0800d830   0x0800d830   0x0000002e   Code   RO         8890    i._printf_pre_padding  mc_w.l(printfa.o)
    0x0800d85e   0x0800d85e   0x0000000a   Code   RO         8892    i._sputc            mc_w.l(printfa.o)
    0x0800d868   0x0800d868   0x00000014   Code   RO         6895    i.abs_fun           gimbal_task.o
    0x0800d87c   0x0800d87c   0x00000002   Code   RO          194    i.assert_failed     main.o
    0x0800d87e   0x0800d87e   0x00000002   PAD
    0x0800d880   0x0800d880   0x00000134   Code   RO         7645    i.bmi088_accel_init  bmi088driver.o
    0x0800d9b4   0x0800d9b4   0x000002fc   Code   RO         7646    i.bmi088_accel_self_test  bmi088driver.o
    0x0800dcb0   0x0800dcb0   0x000000f4   Code   RO         7647    i.bmi088_gyro_init  bmi088driver.o
    0x0800dda4   0x0800dda4   0x000000d0   Code   RO         7648    i.bmi088_gyro_self_test  bmi088driver.o
    0x0800de74   0x0800de74   0x00000010   Code   RO          622    i.buzzer1_off       tim.o
    0x0800de84   0x0800de84   0x0000000c   Code   RO          624    i.buzzer_off        tim.o
    0x0800de90   0x0800de90   0x00000010   Code   RO          625    i.buzzer_on         tim.o
    0x0800dea0   0x0800dea0   0x00000068   Code   RO         6465    i.can1_message_progress  can1_app.o
    0x0800df08   0x0800df08   0x00000032   Code   RO         6821    i.can2_get_rc_data  connect_task.o
    0x0800df3a   0x0800df3a   0x00000002   PAD
    0x0800df3c   0x0800df3c   0x00000074   Code   RO         6538    i.can2_message_progress  can2_app.o
    0x0800dfb0   0x0800dfb0   0x00000014   Code   RO          373    i.configureTimerForRunTimeStats  freertos.o
    0x0800dfc4   0x0800dfc4   0x0000000c   Code   RO         6822    i.connect_init      connect_task.o
    0x0800dfd0   0x0800dfd0   0x00000054   Code   RO         6823    i.connect_task      connect_task.o
    0x0800e024   0x0800e024   0x00000044   Code   RO         4613    i.delay_init        delay.o
    0x0800e068   0x0800e068   0x00000048   Code   RO         4615    i.delay_us          delay.o
    0x0800e0b0   0x0800e0b0   0x00000094   Code   RO         5295    i.eTaskGetState     tasks.o
    0x0800e144   0x0800e144   0x00000048   Code   RO         7163    i.error_list_display  monitor_task.o
    0x0800e18c   0x0800e18c   0x00000020   Code   RO          626    i.freertos_run_tim3_configuration  tim.o
    0x0800e1ac   0x0800e1ac   0x0000000c   Code   RO          374    i.getRunTimeCounterValue  freertos.o
    0x0800e1b8   0x0800e1b8   0x00000008   Code   RO         7044    i.get_INS_point     ins_task.o
    0x0800e1c0   0x0800e1c0   0x000000dc   Code   RO         7045    i.get_angle         ins_task.o
    0x0800e29c   0x0800e29c   0x00000148   Code   RO         7046    i.get_angle_and_gyro_value  ins_task.o
    0x0800e3e4   0x0800e3e4   0x0000000c   Code   RO         7218    i.get_fric_mode     shoot_task.o
    0x0800e3f0   0x0800e3f0   0x00000008   Code   RO         6466    i.get_fric_motor1_msg_point  can1_app.o
    0x0800e3f8   0x0800e3f8   0x00000008   Code   RO         6467    i.get_fric_motor2_msg_point  can1_app.o
    0x0800e400   0x0800e400   0x0000000c   Code   RO         6896    i.get_gimbal_work_mode  gimbal_task.o
    0x0800e40c   0x0800e40c   0x0000009e   Code   RO         7219    i.get_mouse_press_msg  shoot_task.o
    0x0800e4aa   0x0800e4aa   0x00000002   PAD
    0x0800e4ac   0x0800e4ac   0x00000008   Code   RO         6539    i.get_pitch_motor_msg_point  can2_app.o
    0x0800e4b4   0x0800e4b4   0x00000056   Code   RO         6613    i.get_rc_analoy_key_value  remote_app.o
    0x0800e50a   0x0800e50a   0x00000002   PAD
    0x0800e50c   0x0800e50c   0x000000d0   Code   RO         7220    i.get_rc_control_msg  shoot_task.o
    0x0800e5dc   0x0800e5dc   0x00000008   Code   RO         6614    i.get_rc_data_point  remote_app.o
    0x0800e5e4   0x0800e5e4   0x000000dc   Code   RO         6615    i.get_remote_data   remote_app.o
    0x0800e6c0   0x0800e6c0   0x0000000c   Code   RO         6897    i.get_robot_control_mode  gimbal_task.o
    0x0800e6cc   0x0800e6cc   0x0000000c   Code   RO         6898    i.get_robot_work_mode  gimbal_task.o
    0x0800e6d8   0x0800e6d8   0x0000000c   Code   RO         7221    i.get_shoot_mode    shoot_task.o
    0x0800e6e4   0x0800e6e4   0x00000088   Code   RO         7222    i.get_shoot_related_flags  shoot_task.o
    0x0800e76c   0x0800e76c   0x00000008   Code   RO         6468    i.get_trigger_motor_msg_point  can1_app.o
    0x0800e774   0x0800e774   0x00000008   Code   RO         6540    i.get_yaw_motor_msg_point  can2_app.o
    0x0800e77c   0x0800e77c   0x00000082   Code   RO         6899    i.gimbal_cascade_pid_calculate  gimbal_task.o
    0x0800e7fe   0x0800e7fe   0x00000042   Code   RO         6900    i.gimbal_control_loop  gimbal_task.o
    0x0800e840   0x0800e840   0x00000060   Code   RO         6901    i.gimbal_init       gimbal_task.o
    0x0800e8a0   0x0800e8a0   0x0000011c   Code   RO         6541    i.gimbal_motor_msg_process  can2_app.o
    0x0800e9bc   0x0800e9bc   0x00000048   Code   RO         6902    i.gimbal_pid_init   gimbal_task.o
    0x0800ea04   0x0800ea04   0x0000051c   Code   RO         6903    i.gimbal_set_and_fdb_update  gimbal_task.o
    0x0800ef20   0x0800ef20   0x00000094   Code   RO         6904    i.gimbal_task       gimbal_task.o
    0x0800efb4   0x0800efb4   0x00000018   Code   RO         6905    i.gimbal_val_limit  gimbal_task.o
    0x0800efcc   0x0800efcc   0x00000056   Code   RO         6906    i.gimbal_work_mode_update  gimbal_task.o
    0x0800f022   0x0800f022   0x00000002   PAD
    0x0800f024   0x0800f024   0x0000012c   Code   RO         7048    i.imu_cali_slove    ins_task.o
    0x0800f150   0x0800f150   0x00000168   Code   RO         7049    i.imu_cmd_spi_dma   ins_task.o
    0x0800f2b8   0x0800f2b8   0x0000000c   Code   RO          628    i.imu_pwm_set       tim.o
    0x0800f2c4   0x0800f2c4   0x000000a4   Code   RO         7050    i.imu_temp_control  ins_task.o
    0x0800f368   0x0800f368   0x00000024   Code   RO         7449    i.invSqrt           mahonyahrs.o
    0x0800f38c   0x0800f38c   0x00000044   Code   RO         7164    i.is_lost           monitor_task.o
    0x0800f3d0   0x0800f3d0   0x00000058   Code   RO         7992    i.ist8310_GPIO_init  ist8310driver_middleware.o
    0x0800f428   0x0800f428   0x00000028   Code   RO         7994    i.ist8310_IIC_read_single_reg  ist8310driver_middleware.o
    0x0800f450   0x0800f450   0x00000028   Code   RO         7996    i.ist8310_IIC_write_single_reg  ist8310driver_middleware.o
    0x0800f478   0x0800f478   0x00000014   Code   RO         7997    i.ist8310_RST_H     ist8310driver_middleware.o
    0x0800f48c   0x0800f48c   0x00000014   Code   RO         7998    i.ist8310_RST_L     ist8310driver_middleware.o
    0x0800f4a0   0x0800f4a0   0x00000002   Code   RO         7999    i.ist8310_com_init  ist8310driver_middleware.o
    0x0800f4a2   0x0800f4a2   0x0000000c   Code   RO         8000    i.ist8310_delay_ms  ist8310driver_middleware.o
    0x0800f4ae   0x0800f4ae   0x00000002   PAD
    0x0800f4b0   0x0800f4b0   0x00000094   Code   RO         7957    i.ist8310_init      ist8310driver.o
    0x0800f544   0x0800f544   0x00000024   Code   RO          337    i.led_laser_configuration  gpio.o
    0x0800f568   0x0800f568   0x00000072   Code   RO          195    i.main              main.o
    0x0800f5da   0x0800f5da   0x0000007a   Code   RO         7165    i.monitor_process   monitor_task.o
    0x0800f654   0x0800f654   0x000000b0   Code   RO         7166    i.monitor_task      monitor_task.o
    0x0800f704   0x0800f704   0x00000040   Code   RO         6907    i.mouse_sensit_cali  gimbal_task.o
    0x0800f744   0x0800f744   0x0000009c   Code   RO         8113    i.oled_init         oled.o
    0x0800f7e0   0x0800f7e0   0x00000038   Code   RO         5881    i.osDelay           cmsis_os2.o
    0x0800f818   0x0800f818   0x00000040   Code   RO         5895    i.osKernelInitialize  cmsis_os2.o
    0x0800f858   0x0800f858   0x00000050   Code   RO         5896    i.osKernelLock      cmsis_os2.o
    0x0800f8a8   0x0800f8a8   0x00000048   Code   RO         5898    i.osKernelStart     cmsis_os2.o
    0x0800f8f0   0x0800f8f0   0x0000005c   Code   RO         5899    i.osKernelUnlock    cmsis_os2.o
    0x0800f94c   0x0800f94c   0x0000000c   Code   RO         5926    i.osThreadGetId     cmsis_os2.o
    0x0800f958   0x0800f958   0x000000d4   Code   RO         5931    i.osThreadNew       cmsis_os2.o
    0x0800fa2c   0x0800fa2c   0x00000054   Code   RO         5935    i.osThreadTerminate  cmsis_os2.o
    0x0800fa80   0x0800fa80   0x00000030   Code   RO         5296    i.pcTaskGetName     tasks.o
    0x0800fab0   0x0800fab0   0x00000088   Code   RO         5297    i.prvAddCurrentTaskToDelayedList  tasks.o
    0x0800fb38   0x0800fb38   0x000000b8   Code   RO         5298    i.prvAddNewTaskToReadyList  tasks.o
    0x0800fbf0   0x0800fbf0   0x00000074   Code   RO         5705    i.prvCheckForValidListAndQueue  timers.o
    0x0800fc64   0x0800fc64   0x00000048   Code   RO         5299    i.prvCheckTasksWaitingTermination  tasks.o
    0x0800fcac   0x0800fcac   0x0000002a   Code   RO         4884    i.prvCopyDataFromQueue  queue.o
    0x0800fcd6   0x0800fcd6   0x0000007e   Code   RO         4885    i.prvCopyDataToQueue  queue.o
    0x0800fd54   0x0800fd54   0x00000050   Code   RO         5300    i.prvDeleteTCB      tasks.o
    0x0800fda4   0x0800fda4   0x00000014   Code   RO         4886    i.prvGetDisinheritPriorityAfterTimeout  queue.o
    0x0800fdb8   0x0800fdb8   0x00000028   Code   RO         5706    i.prvGetNextExpireTime  timers.o
    0x0800fde0   0x0800fde0   0x0000007c   Code   RO         6329    i.prvHeapInit       heap_4.o
    0x0800fe5c   0x0800fe5c   0x00000028   Code   RO         5301    i.prvIdleTask       tasks.o
    0x0800fe84   0x0800fe84   0x0000001e   Code   RO         4887    i.prvInitialiseMutex  queue.o
    0x0800fea2   0x0800fea2   0x0000002a   Code   RO         4888    i.prvInitialiseNewQueue  queue.o
    0x0800fecc   0x0800fecc   0x000000c8   Code   RO         5302    i.prvInitialiseNewTask  tasks.o
    0x0800ff94   0x0800ff94   0x0000005a   Code   RO         5707    i.prvInitialiseNewTimer  timers.o
    0x0800ffee   0x0800ffee   0x00000002   PAD
    0x0800fff0   0x0800fff0   0x00000068   Code   RO         5303    i.prvInitialiseTaskLists  tasks.o
    0x08010058   0x08010058   0x00000068   Code   RO         6330    i.prvInsertBlockIntoFreeList  heap_4.o
    0x080100c0   0x080100c0   0x00000058   Code   RO         5708    i.prvInsertTimerInActiveList  timers.o
    0x08010118   0x08010118   0x0000001a   Code   RO         4889    i.prvIsQueueEmpty   queue.o
    0x08010132   0x08010132   0x0000001e   Code   RO         4890    i.prvIsQueueFull    queue.o
    0x08010150   0x08010150   0x0000006a   Code   RO         5304    i.prvListTasksWithinSingleList  tasks.o
    0x080101ba   0x080101ba   0x00000002   PAD
    0x080101bc   0x080101bc   0x00000074   Code   RO         5709    i.prvProcessExpiredTimer  timers.o
    0x08010230   0x08010230   0x00000164   Code   RO         5710    i.prvProcessReceivedCommands  timers.o
    0x08010394   0x08010394   0x00000074   Code   RO         5711    i.prvProcessTimerOrBlockTask  timers.o
    0x08010408   0x08010408   0x00000034   Code   RO         5305    i.prvResetNextTaskUnblockTime  tasks.o
    0x0801043c   0x0801043c   0x0000002c   Code   RO         5712    i.prvSampleTimeNow  timers.o
    0x08010468   0x08010468   0x000000b0   Code   RO         5306    i.prvSearchForNameWithinSingleList  tasks.o
    0x08010518   0x08010518   0x000000a4   Code   RO         5713    i.prvSwitchTimerLists  timers.o
    0x080105bc   0x080105bc   0x00000016   Code   RO         5307    i.prvTaskCheckFreeStackSpace  tasks.o
    0x080105d2   0x080105d2   0x00000002   PAD
    0x080105d4   0x080105d4   0x00000040   Code   RO         6380    i.prvTaskExitError  port.o
    0x08010614   0x08010614   0x0000001a   Code   RO         5714    i.prvTimerTask      timers.o
    0x0801062e   0x0801062e   0x0000007e   Code   RO         4891    i.prvUnlockQueue    queue.o
    0x080106ac   0x080106ac   0x0000002a   Code   RO         5309    i.prvWriteNameToBuffer  tasks.o
    0x080106d6   0x080106d6   0x00000002   PAD
    0x080106d8   0x080106d8   0x0000013c   Code   RO         6331    i.pvPortMalloc      heap_4.o
    0x08010814   0x08010814   0x00000020   Code   RO         5310    i.pvTaskIncrementMutexHeldCount  tasks.o
    0x08010834   0x08010834   0x00000010   Code   RO          629    i.pwm1_off          tim.o
    0x08010844   0x08010844   0x0000000c   Code   RO          630    i.pwm1_on           tim.o
    0x08010850   0x08010850   0x0000002c   Code   RO         6381    i.pxPortInitialiseStack  port.o
    0x0801087c   0x0801087c   0x00000030   Code   RO         6908    i.robot_control_mode_update  gimbal_task.o
    0x080108ac   0x080108ac   0x000000b0   Code   RO         6909    i.robot_work_mode_update  gimbal_task.o
    0x0801095c   0x0801095c   0x000000a8   Code   RO         6825    i.send_gyro_data_to_chassis  connect_task.o
    0x08010a04   0x08010a04   0x00000074   Code   RO         6826    i.send_rc_to_chassis  connect_task.o
    0x08010a78   0x08010a78   0x0000005c   Code   RO         6827    i.send_uiflag_to_chassis  connect_task.o
    0x08010ad4   0x08010ad4   0x0000000c   Code   RO         7223    i.set_fric_mode     shoot_task.o
    0x08010ae0   0x08010ae0   0x00000068   Code   RO         6542    i.set_gimbal_behaviour  can2_app.o
    0x08010b48   0x08010b48   0x00000060   Code   RO         6543    i.set_gimbal_stop   can2_app.o
    0x08010ba8   0x08010ba8   0x0000000c   Code   RO         6910    i.set_gimbal_work_mode  gimbal_task.o
    0x08010bb4   0x08010bb4   0x0000000c   Code   RO         6911    i.set_robot_control_mode  gimbal_task.o
    0x08010bc0   0x08010bc0   0x0000000c   Code   RO         6912    i.set_robot_work_mode  gimbal_task.o
    0x08010bcc   0x08010bcc   0x0000006c   Code   RO         6469    i.set_shoot_behaviour  can1_app.o
    0x08010c38   0x08010c38   0x0000000c   Code   RO         7224    i.set_shoot_mode    shoot_task.o
    0x08010c44   0x08010c44   0x00000060   Code   RO         6470    i.set_shoot_stop    can1_app.o
    0x08010ca4   0x08010ca4   0x0000002a   Code   RO         6544    i.shoot_17mm_mag    can2_app.o
    0x08010cce   0x08010cce   0x0000001a   Code   RO         7225    i.shoot_abs         shoot_task.o
    0x08010ce8   0x08010ce8   0x000000a6   Code   RO         7226    i.shoot_cascade_pid_calculate  shoot_task.o
    0x08010d8e   0x08010d8e   0x00000016   Code   RO         7227    i.shoot_control_loop  shoot_task.o
    0x08010da4   0x08010da4   0x00000050   Code   RO         6681    i.shoot_heat_limit  rule.o
    0x08010df4   0x08010df4   0x00000074   Code   RO         7228    i.shoot_init        shoot_task.o
    0x08010e68   0x08010e68   0x00000058   Code   RO         6545    i.shoot_judge_process  can2_app.o
    0x08010ec0   0x08010ec0   0x00000048   Code   RO         6682    i.shoot_limit       rule.o
    0x08010f08   0x08010f08   0x00000094   Code   RO         7229    i.shoot_magazine_control  shoot_task.o
    0x08010f9c   0x08010f9c   0x000000a0   Code   RO         7230    i.shoot_mode_update  shoot_task.o
    0x0801103c   0x0801103c   0x0000011c   Code   RO         6471    i.shoot_motor_msg_process  can1_app.o
    0x08011158   0x08011158   0x00000040   Code   RO         7231    i.shoot_pid_init    shoot_task.o
    0x08011198   0x08011198   0x000000ec   Code   RO         7232    i.shoot_set_and_fdb_update  shoot_task.o
    0x08011284   0x08011284   0x00000044   Code   RO         6683    i.shoot_speed_limit  rule.o
    0x080112c8   0x080112c8   0x00000064   Code   RO         7233    i.shoot_task        shoot_task.o
    0x0801132c   0x0801132c   0x00000070   Code   RO         6913    i.slidingWindowFilter  gimbal_task.o
    0x0801139c   0x0801139c   0x0000003e   Code   RO         8620    i.sqrtf             m_wm.l(sqrtf.o)
    0x080113da   0x080113da   0x00000002   PAD
    0x080113dc   0x080113dc   0x000000b4   Code   RO         7328    i.start_task        start_task.o
    0x08011490   0x08011490   0x00000020   Code   RO         7360    i.test_task         test_task.o
    0x080114b0   0x080114b0   0x00000014   Code   RO          631    i.tim6_configuration  tim.o
    0x080114c4   0x080114c4   0x00000074   Code   RO         5311    i.ulTaskNotifyTake  tasks.o
    0x08011538   0x08011538   0x0000001c   Code   RO          763    i.usart3_reset      usart.o
    0x08011554   0x08011554   0x00000038   Code   RO          764    i.usart_Receive_DMA  usart.o
    0x0801158c   0x0801158c   0x00000028   Code   RO         4844    i.uxListRemove      list.o
    0x080115b4   0x080115b4   0x000000b4   Code   RO         5315    i.uxTaskGetSystemState  tasks.o
    0x08011668   0x08011668   0x00000018   Code   RO         5943    i.vApplicationGetIdleTaskMemory  cmsis_os2.o
    0x08011680   0x08011680   0x00000018   Code   RO         5944    i.vApplicationGetTimerTaskMemory  cmsis_os2.o
    0x08011698   0x08011698   0x00000002   Code   RO          375    i.vApplicationStackOverflowHook  freertos.o
    0x0801169a   0x0801169a   0x0000001a   Code   RO         4845    i.vListInitialise   list.o
    0x080116b4   0x080116b4   0x00000006   Code   RO         4846    i.vListInitialiseItem  list.o
    0x080116ba   0x080116ba   0x00000034   Code   RO         4847    i.vListInsert       list.o
    0x080116ee   0x080116ee   0x00000018   Code   RO         4848    i.vListInsertEnd    list.o
    0x08011706   0x08011706   0x00000002   PAD
    0x08011708   0x08011708   0x00000054   Code   RO         6383    i.vPortEnterCritical  port.o
    0x0801175c   0x0801175c   0x0000003c   Code   RO         6384    i.vPortExitCritical  port.o
    0x08011798   0x08011798   0x00000094   Code   RO         6332    i.vPortFree         heap_4.o
    0x0801182c   0x0801182c   0x00000028   Code   RO         6385    i.vPortSetupTimerInterrupt  port.o
    0x08011854   0x08011854   0x00000078   Code   RO         6386    i.vPortValidateInterruptPriority  port.o
    0x080118cc   0x080118cc   0x0000002c   Code   RO         4897    i.vQueueAddToRegistry  queue.o
    0x080118f8   0x080118f8   0x0000004a   Code   RO         4901    i.vQueueWaitForMessageRestricted  queue.o
    0x08011942   0x08011942   0x00000002   PAD
    0x08011944   0x08011944   0x0000005c   Code   RO         5320    i.vTaskDelay        tasks.o
    0x080119a0   0x080119a0   0x000000d4   Code   RO         5321    i.vTaskDelayUntil   tasks.o
    0x08011a74   0x08011a74   0x000000c8   Code   RO         5322    i.vTaskDelete       tasks.o
    0x08011b3c   0x08011b3c   0x00000084   Code   RO         5324    i.vTaskGetInfo      tasks.o
    0x08011bc0   0x08011bc0   0x000000c4   Code   RO         5325    i.vTaskGetRunTimeStats  tasks.o
    0x08011c84   0x08011c84   0x00000018   Code   RO         5326    i.vTaskInternalSetTimeOutState  tasks.o
    0x08011c9c   0x08011c9c   0x0000000c   Code   RO         5328    i.vTaskMissedYield  tasks.o
    0x08011ca8   0x08011ca8   0x000000ec   Code   RO         5329    i.vTaskNotifyGiveFromISR  tasks.o
    0x08011d94   0x08011d94   0x00000038   Code   RO         5330    i.vTaskPlaceOnEventList  tasks.o
    0x08011dcc   0x08011dcc   0x00000040   Code   RO         5331    i.vTaskPlaceOnEventListRestricted  tasks.o
    0x08011e0c   0x08011e0c   0x000000d0   Code   RO         5333    i.vTaskPriorityDisinheritAfterTimeout  tasks.o
    0x08011edc   0x08011edc   0x000000bc   Code   RO         5339    i.vTaskStartScheduler  tasks.o
    0x08011f98   0x08011f98   0x00000010   Code   RO         5341    i.vTaskSuspendAll   tasks.o
    0x08011fa8   0x08011fa8   0x00000104   Code   RO         5342    i.vTaskSwitchContext  tasks.o
    0x080120ac   0x080120ac   0x00000134   Code   RO         6828    i.vision_tx         connect_task.o
    0x080121e0   0x080121e0   0x00000168   Code   RO         6387    i.xPortStartScheduler  port.o
    0x08012348   0x08012348   0x00000022   Code   RO         4904    i.xQueueCreateMutex  queue.o
    0x0801236a   0x0801236a   0x00000060   Code   RO         4906    i.xQueueGenericCreate  queue.o
    0x080123ca   0x080123ca   0x000000e0   Code   RO         4907    i.xQueueGenericCreateStatic  queue.o
    0x080124aa   0x080124aa   0x00000002   PAD
    0x080124ac   0x080124ac   0x00000098   Code   RO         4908    i.xQueueGenericReset  queue.o
    0x08012544   0x08012544   0x000001a8   Code   RO         4909    i.xQueueGenericSend  queue.o
    0x080126ec   0x080126ec   0x000000f8   Code   RO         4910    i.xQueueGenericSendFromISR  queue.o
    0x080127e4   0x080127e4   0x00000168   Code   RO         4919    i.xQueueReceive     queue.o
    0x0801294c   0x0801294c   0x000001b8   Code   RO         4921    i.xQueueSemaphoreTake  queue.o
    0x08012b04   0x08012b04   0x000000a8   Code   RO         5344    i.xTaskCheckForTimeOut  tasks.o
    0x08012bac   0x08012bac   0x00000064   Code   RO         5345    i.xTaskCreate       tasks.o
    0x08012c10   0x08012c10   0x000000ba   Code   RO         5346    i.xTaskCreateStatic  tasks.o
    0x08012cca   0x08012cca   0x00000002   PAD
    0x08012ccc   0x08012ccc   0x0000000c   Code   RO         5349    i.xTaskGetCurrentTaskHandle  tasks.o
    0x08012cd8   0x08012cd8   0x000000a4   Code   RO         5350    i.xTaskGetHandle    tasks.o
    0x08012d7c   0x08012d7c   0x00000020   Code   RO         5351    i.xTaskGetSchedulerState  tasks.o
    0x08012d9c   0x08012d9c   0x0000000c   Code   RO         5352    i.xTaskGetTickCount  tasks.o
    0x08012da8   0x08012da8   0x00000144   Code   RO         5354    i.xTaskIncrementTick  tasks.o
    0x08012eec   0x08012eec   0x000000a4   Code   RO         5357    i.xTaskPriorityDisinherit  tasks.o
    0x08012f90   0x08012f90   0x000000a4   Code   RO         5358    i.xTaskPriorityInherit  tasks.o
    0x08013034   0x08013034   0x00000098   Code   RO         5359    i.xTaskRemoveFromEventList  tasks.o
    0x080130cc   0x080130cc   0x00000104   Code   RO         5360    i.xTaskResumeAll    tasks.o
    0x080131d0   0x080131d0   0x00000036   Code   RO         5720    i.xTimerCreate      timers.o
    0x08013206   0x08013206   0x00000002   PAD
    0x08013208   0x08013208   0x00000078   Code   RO         5722    i.xTimerCreateTimerTask  timers.o
    0x08013280   0x08013280   0x00000084   Code   RO         5723    i.xTimerGenericCommand  timers.o
    0x08013304   0x08013304   0x00000048   Data   RO          376    .constdata          freertos.o
    0x0801334c   0x0801334c   0x00000008   Data   RO         1868    .constdata          stm32f4xx_hal_dma.o
    0x08013354   0x08013354   0x00000018   Data   RO         4681    .constdata          system_stm32f4xx.o
    0x0801336c   0x0801336c   0x00000018   Data   RO         7052    .constdata          ins_task.o
    0x08013384   0x08013384   0x000000fc   Data   RO         7329    .constdata          start_task.o
    0x08013480   0x08013480   0x00000012   Data   RO         7653    .constdata          bmi088driver.o
    0x08013492   0x08013492   0x0000000c   Data   RO         7960    .constdata          ist8310driver.o
    0x0801349e   0x0801349e   0x00000820   Data   RO         8115    .constdata          oled.o
    0x08013cbe   0x08013cbe   0x00000002   PAD
    0x08013cc0   0x08013cc0   0x00000018   Data   RO          377    .conststring        freertos.o
    0x08013cd8   0x08013cd8   0x00000070   Data   RO         7167    .conststring        monitor_task.o
    0x08013d48   0x08013d48   0x0000005a   Data   RO         7330    .conststring        start_task.o
    0x08013da2   0x08013da2   0x00000002   PAD
    0x08013da4   0x08013da4   0x00000020   Data   RO         8982    Region$$Table       anon$$obj.o


    Execution Region RW_IRAM2 (Exec base: 0x10000000, Load base: 0x08013ed0, Size: 0x00000000, Max: 0x00010000, ABSOLUTE)

    **** No section assigned to this execution region ****


    Execution Region RW_IRAM1 (Exec base: 0x20000000, Load base: 0x08013dc4, Size: 0x0000c128, Max: 0x00020000, ABSOLUTE, COMPRESSED[0x0000010c])

    Exec Addr    Load Addr    Size         Type   Attr      Idx    E Section Name        Object

    0x20000000   COMPRESSED   0x00000008   Data   RW          196    .data               main.o
    0x20000008   COMPRESSED   0x00000008   Data   RW          378    .data               freertos.o
    0x20000010   COMPRESSED   0x00000024   Data   RW          439    .data               can.o
    0x20000034   COMPRESSED   0x00000004   PAD
    0x20000038   COMPRESSED   0x00000008   Data   RW          633    .data               tim.o
    0x20000040   COMPRESSED   0x00000018   Data   RW          766    .data               usart.o
    0x20000058   COMPRESSED   0x00000009   Data   RW         2300    .data               stm32f4xx_hal.o
    0x20000061   COMPRESSED   0x00000001   PAD
    0x20000062   COMPRESSED   0x00000004   Data   RW         4617    .data               delay.o
    0x20000066   COMPRESSED   0x00000002   PAD
    0x20000068   COMPRESSED   0x00000004   Data   RW         4682    .data               system_stm32f4xx.o
    0x2000006c   COMPRESSED   0x00000044   Data   RW         5363    .data               tasks.o
    0x200000b0   COMPRESSED   0x00000014   Data   RW         5731    .data               timers.o
    0x200000c4   COMPRESSED   0x00000004   Data   RW         5947    .data               cmsis_os2.o
    0x200000c8   COMPRESSED   0x00000018   Data   RW         6337    .data               heap_4.o
    0x200000e0   COMPRESSED   0x0000000c   Data   RW         6388    .data               port.o
    0x200000ec   COMPRESSED   0x0000000c   Data   RW         6830    .data               connect_task.o
    0x200000f8   COMPRESSED   0x00000105   Data   RW         6915    .data               gimbal_task.o
    0x200001fd   COMPRESSED   0x00000003   PAD
    0x20000200   COMPRESSED   0x000000c8   Data   RW         7053    .data               ins_task.o
    0x200002c8   COMPRESSED   0x00000071   Data   RW         7168    .data               monitor_task.o
    0x20000339   COMPRESSED   0x00000001   PAD
    0x2000033a   COMPRESSED   0x0000000c   Data   RW         7235    .data               shoot_task.o
    0x20000346   COMPRESSED   0x00000002   PAD
    0x20000348   COMPRESSED   0x0000001c   Data   RW         7331    .data               start_task.o
    0x20000364   COMPRESSED   0x00000014   Data   RW         7450    .data               mahonyahrs.o
    0x20000378   COMPRESSED   0x000000e0   Data   RW         7600    .data               pid.o
    0x20000458   COMPRESSED   0x0000002c   Data   RW         7654    .data               bmi088driver.o
    0x20000484   COMPRESSED   0x00000004   Data   RW         8965    .data               mc_w.l(errno.o)
    0x20000488        -       0x000000b8   Zero   RW          438    .bss                can.o
    0x20000540        -       0x00000054   Zero   RW          520    .bss                i2c.o
    0x20000594        -       0x00000118   Zero   RW          564    .bss                spi.o
    0x200006ac        -       0x00000180   Zero   RW          632    .bss                tim.o
    0x2000082c        -       0x0000039c   Zero   RW          765    .bss                usart.o
    0x20000bc8        -       0x00000040   Zero   RW         1079    .bss                stm32f4xx_hal_timebase_tim.o
    0x20000c08        -       0x00000040   Zero   RW         4923    .bss                queue.o
    0x20000c48        -       0x000004c4   Zero   RW         5362    .bss                tasks.o
    0x2000110c        -       0x00000118   Zero   RW         5730    .bss                timers.o
    0x20001224        -       0x000006c8   Zero   RW         5946    .bss                cmsis_os2.o
    0x200018ec        -       0x00006000   Zero   RW         6336    .bss                heap_4.o
    0x200078ec        -       0x000000f0   Zero   RW         6472    .bss                can1_app.o
    0x200079dc        -       0x000000b4   Zero   RW         6546    .bss                can2_app.o
    0x20007a90        -       0x0000002c   Zero   RW         6617    .bss                remote_app.o
    0x20007abc        -       0x0000000a   Zero   RW         6684    .bss                rule.o
    0x20007ac6   COMPRESSED   0x00000002   PAD
    0x20007ac8        -       0x00000048   Zero   RW         6829    .bss                connect_task.o
    0x20007b10        -       0x00000190   Zero   RW         6914    .bss                gimbal_task.o
    0x20007ca0        -       0x0000014c   Zero   RW         7051    .bss                ins_task.o
    0x20007dec        -       0x000001a8   Zero   RW         7234    .bss                shoot_task.o
    0x20007f94        -       0x00000190   Zero   RW         7361    .bss                test_task.o
    0x20008124   COMPRESSED   0x00000004   PAD
    0x20008128        -       0x00004000   Zero   RW         6455    STACK               startup_stm32f407xx.o


==============================================================================

Image component sizes


      Code (inc. data)   RO Data    RW Data    ZI Data      Debug   Object Name

      2338         40         18         44          0      15243   bmi088driver.o
       290         40          0          0          0       6576   bmi088middleware.o
       716         78          0         36        184       4749   can.o
       616         76          0          0        240       6727   can1_app.o
       746         82          0          0        180       7511   can2_app.o
       738         50          0          4       1736      37478   cmsis_os2.o
       830        100          0         12         72       7657   connect_task.o
       140         14          0          4          0       1752   delay.o
       184          6          0          0          0       1038   dma.o
         0          0          0          0          0      20128   event_groups.o
         0          0          0          0          0     714200   flash.o
       100         32         96          8          0       4097   freertos.o
      2422        192          0        261        400      18494   gimbal_task.o
       688         56          0          0          0       2694   gpio.o
       692         62          0         24      24576       5331   heap_4.o
       260         30          0          0         84       2089   i2c.o
      5238        358         24        200        332      17153   ins_task.o
       148          6         12          0          0       2375   ist8310driver.o
       222         32          0          0          0       5519   ist8310driver_middleware.o
       148          0          0          0          0       4122   list.o
      2264         68          0         20          0       5309   mahonyahrs.o
       406         32          0          8          0      27739   main.o
       490         46        112        113          0       5660   monitor_task.o
       896         48       2080          0          0      16726   oled.o
       434          6          0        224          0       3307   pid.o
      1014         92          0         12          0      12781   port.o
      2538         26          0          0         64      23880   queue.o
       518         16          0          0         44       7029   remote_app.o
       220         28          0          0         10       2731   rule.o
      1588         88          0         12        424      12136   shoot_task.o
     10844        208          0          0        280       8117   spi.o
       180         72        342         28          0       2442   start_task.o
        36          8        392          0      16384        892   startup_stm32f407xx.o
        96         20          0          9          0       8638   stm32f4xx_hal.o
      3260        300          0          0          0      16603   stm32f4xx_hal_can.o
       636        266          0          0          0      35084   stm32f4xx_hal_cortex.o
      2136        138          8          0          0       8150   stm32f4xx_hal_dma.o
      1236        198          0          0          0       3711   stm32f4xx_hal_gpio.o
      3296        228          0          0          0      12910   stm32f4xx_hal_i2c.o
        84          6          0          0          0       1046   stm32f4xx_hal_msp.o
      2556        210          0          0          0       7321   stm32f4xx_hal_rcc.o
      1404        134          0          0          0       5125   stm32f4xx_hal_spi.o
      5598       1076          0          0          0      19696   stm32f4xx_hal_tim.o
       804        166          0          0          0       3977   stm32f4xx_hal_tim_ex.o
       136         12          0          0         64       1747   stm32f4xx_hal_timebase_tim.o
      3090        176          0          0          0      16531   stm32f4xx_hal_uart.o
       394        116          0          0          0      15852   stm32f4xx_it.o
         0          0          0          0          0        400   stream_buffer.o
        28          4         24          4          0       1427   system_stm32f4xx.o
      5372        582          0         68       1220      48105   tasks.o
        32          6          0          0        400       3219   test_task.o
      1572        170          0          8        384      11562   tim.o
      1462        124          0         20        280      32874   timers.o
      1460        150          0         24        924       9901   usart.o
         0          0          0          0          0        656   user_lib.o
         0          0          0          0          0       5858   vision.o

    ----------------------------------------------------------------------
     72660       6074       3144       1156      48288    1284075   Object Totals
         0          0         32          0          0          0   (incl. Generated)
        64          0          4         13          6          0   (incl. Padding)

    ----------------------------------------------------------------------

      Code (inc. data)   RO Data    RW Data    ZI Data      Debug   Library Member Name

       300         42          0          0          0        176   asinf.o
       684         90          0          0          0        208   atan2f.o
        38          0          0          0          0        116   fpclassifyf.o
        44         12          0          0          0        464   funder.o
       122          0          0          0          0        148   sqrt.o
       120          0          0          0          0        272   sqrtf.o
        86          0          0          0          0          0   __dczerorl2.o
         0          0          0          0          0          0   entry.o
         0          0          0          0          0          0   entry10a.o
         0          0          0          0          0          0   entry11a.o
         4          0          0          0          0          0   entry12b.o
         8          4          0          0          0          0   entry2.o
         4          0          0          0          0          0   entry5.o
         0          0          0          0          0          0   entry7b.o
         0          0          0          0          0          0   entry8b.o
         8          4          0          0          0          0   entry9a.o
        12          6          0          4          0         68   errno.o
        30          0          0          0          0          0   handlers.o
        36          8          0          0          0         68   init.o
         0          0          0          0          0          0   iusefp.o
        30          0          0          0          0         68   llshl.o
        36          0          0          0          0         68   llsshr.o
        32          0          0          0          0         68   llushr.o
        36          0          0          0          0         68   memcpya.o
        36          0          0          0          0        108   memseta.o
      2236         86          0          0          0        532   printfa.o
        18          0          0          0          0         68   strcpy.o
        14          0          0          0          0         68   strlen.o
        44          0          0          0          0         80   uidiv.o
        98          0          0          0          0         92   uldiv.o
        48          0          0          0          0         68   cdrcmple.o
        56          0          0          0          0         88   d2f.o
       334          0          0          0          0        148   dadd.o
       222          0          0          0          0        100   ddiv.o
       186          0          0          0          0        176   depilogue.o
        48          0          0          0          0         68   dfixul.o
        26          0          0          0          0         76   dfltui.o
       228          0          0          0          0         96   dmul.o
       162          0          0          0          0        100   dsqrt.o
        38          0          0          0          0         68   f2d.o
       110          0          0          0          0        168   fepilogue.o

    ----------------------------------------------------------------------
      5544        252          0          4          0       3896   Library Totals
        10          0          0          0          0          0   (incl. Padding)

    ----------------------------------------------------------------------

      Code (inc. data)   RO Data    RW Data    ZI Data      Debug   Library Name

      1308        144          0          0          0       1384   m_wm.l
      2768        108          0          4          0       1356   mc_w.l
      1458          0          0          0          0       1156   mf_w.l

    ----------------------------------------------------------------------
      5544        252          0          4          0       3896   Library Totals

    ----------------------------------------------------------------------

==============================================================================


      Code (inc. data)   RO Data    RW Data    ZI Data      Debug   

     78204       6326       3144       1160      48288    1243455   Grand Totals
     78204       6326       3144        268      48288    1243455   ELF Image Totals (compressed)
     78204       6326       3144        268          0          0   ROM Totals

==============================================================================

    Total RO  Size (Code + RO Data)                81348 (  79.44kB)
    Total RW  Size (RW Data + ZI Data)             49448 (  48.29kB)
    Total ROM Size (Code + RO Data + RW Data)      81616 (  79.70kB)

==============================================================================

