<html>
<body>
<pre>
<h1>µVision Build Log</h1>
<h2>Tool Versions:</h2>
IDE-Version: ¦ÌVision V5.36.0.0
Copyright (C) 2021 ARM Ltd and ARM Germany GmbH. All rights reserved.
License Information: 11 8615360995401, 11, LIC=ATTQ1-C87I1-BSMYX-HRRPS-JFC8C-HWIJ5
 
Tool Versions:
Toolchain:       MDK-ARM Plus  Version: 5.36.0.0
Toolchain Path:  C:\Keil_v5\ARM\ARMCC\Bin
C Compiler:      Armcc.exe V5.06 update 7 (build 960)
Assembler:       Armasm.exe V5.06 update 7 (build 960)
Linker/Locator:  ArmLink.exe V5.06 update 7 (build 960)
Library Manager: ArmAr.exe V5.06 update 7 (build 960)
Hex Converter:   FromElf.exe V5.06 update 7 (build 960)
CPU DLL:         SARMCM3.DLL V5.36.0.0
Dialog DLL:      DCM.DLL V1.17.3.0
Target DLL:      CMSIS_AGDI.dll V1.33.0.0
Dialog DLL:      TCM.DLL V1.53.0.0
 
<h2>Project:</h2>
C:\Users\86153\Documents\WeChat Files\wxid_eekxin26orox22\FileStorage\File\2024-04\²½±ø\Infantry_C(21.4.13) 2\Infantry_C(21.4.13)  ·û  6.14\MDK-ARM\HZU_Infantry_No1_C.uvprojx
Project File Date:  04/24/2024

<h2>Output:</h2>
*** Using Compiler 'V5.06 update 7 (build 960)', folder: 'C:\Keil_v5\ARM\ARMCC\Bin'
Build target 'HZU_Infantry_No1_C'
compiling shoot_task.c...
compiling gimbal_task.c...
..\User\Task\gimbal_task.c(304): warning:  #69-D: integer conversion resulted in truncation
  uint8_t delta_yaw_dev_flag=0,enemy_rotate,rotate_deduce,right_num,left_num,break_rotate,time1=1000,key_trigger_num;
..\User\Task\gimbal_task.c: 1 warning, 0 errors
compiling INS_task.c...
linking...
Program Size: Code=78296 RO-data=3144 RW-data=1160 ZI-data=48288  
FromELF: creating hex file...
"HZU_Infantry_No1_C\HZU_Infantry_No1_C.axf" - 0 Error(s), 1 Warning(s).

<h2>Software Packages used:</h2>

Package Vendor: ARM
                http://www.keil.com/pack/ARM.CMSIS.5.8.0.pack
                ARM.CMSIS.5.8.0
                CMSIS (Common Microcontroller Software Interface Standard)
   * Component: CORE Version: 5.5.0

Package Vendor: Keil
                http://www.keil.com/pack/Keil.STM32F4xx_DFP.2.13.0.pack
                Keil.STM32F4xx_DFP.2.13.0
                STMicroelectronics STM32F4 Series Device Support, Drivers and Examples

<h2>Collection of Component include folders:</h2>
  .\RTE\_HZU_Infantry_No1_C
  C:\Keil_v5\ARM\PACK\ARM\CMSIS\5.8.0\CMSIS\Core\Include
  C:\Keil_v5\ARM\PACK\Keil\STM32F4xx_DFP\2.13.0\Drivers\CMSIS\Device\ST\STM32F4xx\Include

<h2>Collection of Component Files used:</h2>

   * Component: ARM::CMSIS:CORE:5.5.0
Build Time Elapsed:  00:00:11
</pre>
</body>
</html>
